Component: ARM Compiler 5.05 update 1 (build 106) Tool: armlink [4d0efa]

==============================================================================

Section Cross References

    main.o(.text) refers to _printf_percent.o(.ARM.Collect$$_printf_percent$$00000000) for _printf_percent
    main.o(.text) refers to _printf_f.o(.ARM.Collect$$_printf_percent$$00000003) for _printf_f
    main.o(.text) refers to printf1.o(x$fpl$printf1) for _printf_fp_dec
    main.o(.text) refers to lcd.o(.text) for LCD_DrawLine
    main.o(.text) refers to dflt_clz.o(x$fpl$dfltu) for __aeabi_ui2d
    main.o(.text) refers to ddiv.o(x$fpl$ddiv) for __aeabi_ddiv
    main.o(.text) refers to dmul.o(x$fpl$dmul) for __aeabi_dmul
    main.o(.text) refers to daddsub_clz.o(x$fpl$drsb) for __aeabi_drsub
    main.o(.text) refers to dfixu.o(x$fpl$dfixu) for __aeabi_d2uiz
    main.o(.text) refers to cr4_fft_1024_stm32.o(.text) for cr4_fft_1024_stm32
    main.o(.text) refers to fflt_clz.o(x$fpl$fflt) for __aeabi_i2f
    main.o(.text) refers to fmul.o(x$fpl$fmul) for __aeabi_fmul
    main.o(.text) refers to faddsub_clz.o(x$fpl$fadd) for __aeabi_fadd
    main.o(.text) refers to f2d.o(x$fpl$f2d) for __aeabi_f2d
    main.o(.text) refers to sqrt.o(i.sqrt) for sqrt
    main.o(.text) refers to d2f.o(x$fpl$d2f) for __aeabi_d2f
    main.o(.text) refers to frleqf.o(x$fpl$frleqf) for __aeabi_cfrcmple
    main.o(.text) refers to fflt_clz.o(x$fpl$ffltu) for __aeabi_ui2f
    main.o(.text) refers to ffixu.o(x$fpl$ffixu) for __aeabi_f2uiz
    main.o(.text) refers to fdiv.o(x$fpl$fdiv) for __aeabi_fdiv
    main.o(.text) refers to noretval__2sprintf.o(.text) for __2sprintf
    main.o(.text) refers to dma.o(.text) for MYDMA1_Config
    main.o(.text) refers to delay.o(.text) for delay_init
    main.o(.text) refers to misc.o(.text) for NVIC_PriorityGroupConfig
    main.o(.text) refers to usart.o(.text) for uart_init
    main.o(.text) refers to led.o(.text) for LED_Init
    main.o(.text) refers to exti.o(.text) for EXTIX_Init
    main.o(.text) refers to beep.o(.text) for BEEP_Init
    main.o(.text) refers to adc.o(.text) for Adc_Init
    main.o(.text) refers to timer.o(.text) for TIM2_PWM_Init
    main.o(.text) refers to lcd.o(.data) for POINT_COLOR
    main.o(.text) refers to main.o(.bss) for adcx
    main.o(.text) refers to main.o(.data) for temp
    main.o(.text) refers to stm32f10x_dma.o(.text) for DMA_Cmd
    main.o(.text) refers to stm32f10x_gpio.o(.text) for GPIO_ReadInputDataBit
    main.o(.text) refers to stm32f10x_exti.o(.text) for EXTI_ClearITPendingBit
    system_stm32f10x.o(.text) refers to system_stm32f10x.o(.data) for SystemCoreClock
    led.o(.text) refers to stm32f10x_rcc.o(.text) for RCC_APB2PeriphClockCmd
    led.o(.text) refers to stm32f10x_gpio.o(.text) for GPIO_Init
    key.o(.text) refers to stm32f10x_rcc.o(.text) for RCC_APB2PeriphClockCmd
    key.o(.text) refers to stm32f10x_gpio.o(.text) for GPIO_Init
    key.o(.text) refers to delay.o(.text) for delay_ms
    key.o(.text) refers to key.o(.data) for key_up
    lcd.o(.text) refers to _printf_percent.o(.ARM.Collect$$_printf_percent$$00000000) for _printf_percent
    lcd.o(.text) refers to _printf_x.o(.ARM.Collect$$_printf_percent$$0000000C) for _printf_x
    lcd.o(.text) refers to _printf_hex_int.o(.text) for _printf_longlong_hex
    lcd.o(.text) refers to delay.o(.text) for delay_us
    lcd.o(.text) refers to lcd.o(.bss) for lcddev
    lcd.o(.text) refers to lcd.o(.data) for POINT_COLOR
    lcd.o(.text) refers to dflt_clz.o(x$fpl$dfltu) for __aeabi_ui2d
    lcd.o(.text) refers to dmul.o(x$fpl$dmul) for __aeabi_dmul
    lcd.o(.text) refers to dfixu.o(x$fpl$dfixu) for __aeabi_d2uiz
    lcd.o(.text) refers to stm32f10x_rcc.o(.text) for RCC_AHBPeriphClockCmd
    lcd.o(.text) refers to stm32f10x_gpio.o(.text) for GPIO_Init
    lcd.o(.text) refers to stm32f10x_fsmc.o(.text) for FSMC_NORSRAMInit
    lcd.o(.text) refers to noretval__2printf.o(.text) for __2printf
    lcd.o(.text) refers to lcd.o(.constdata) for asc2_1206
    adc.o(.text) refers to stm32f10x_rcc.o(.text) for RCC_APB2PeriphClockCmd
    adc.o(.text) refers to stm32f10x_gpio.o(.text) for GPIO_Init
    adc.o(.text) refers to stm32f10x_adc.o(.text) for ADC_DeInit
    dma.o(.text) refers to stm32f10x_rcc.o(.text) for RCC_AHBPeriphClockCmd
    dma.o(.text) refers to stm32f10x_dma.o(.text) for DMA_DeInit
    dma.o(.text) refers to misc.o(.text) for NVIC_Init
    timer.o(.text) refers to stm32f10x_rcc.o(.text) for RCC_APB1PeriphClockCmd
    timer.o(.text) refers to stm32f10x_gpio.o(.text) for GPIO_Init
    timer.o(.text) refers to stm32f10x_tim.o(.text) for TIM_TimeBaseInit
    exti.o(.text) refers to key.o(.text) for KEY_Init
    exti.o(.text) refers to stm32f10x_rcc.o(.text) for RCC_APB2PeriphClockCmd
    exti.o(.text) refers to stm32f10x_gpio.o(.text) for GPIO_EXTILineConfig
    exti.o(.text) refers to stm32f10x_exti.o(.text) for EXTI_Init
    exti.o(.text) refers to misc.o(.text) for NVIC_Init
[...]
    CL$$btod_ediv                            0x0800a6ea   Section       40  btod.o(CL$$btod_ediv)
    CL$$btod_emul                            0x0800a712   Section       40  btod.o(CL$$btod_emul)
    CL$$btod_mult_common                     0x0800a73a   Section      580  btod.o(CL$$btod_mult_common)
    i.__ARM_fpclassify                       0x0800a97e   Section        0  fpclassify.o(i.__ARM_fpclassify)
    i._is_digit                              0x0800a9a6   Section        0  __printf_wp.o(i._is_digit)
    i.sqrt                                   0x0800a9b4   Section        0  sqrt.o(i.sqrt)
    locale$$code                             0x0800aa00   Section       44  lc_numeric_c.o(locale$$code)
    x$fpl$d2f                                0x0800aa2c   Section       98  d2f.o(x$fpl$d2f)
    x$fpl$dadd                               0x0800aa90   Section      336  daddsub_clz.o(x$fpl$dadd)
    _dadd1                                   0x0800aaa1   Thumb Code     0  daddsub_clz.o(x$fpl$dadd)
    x$fpl$ddiv                               0x0800abe0   Section      688  ddiv.o(x$fpl$ddiv)
    ddiv_entry                               0x0800abe7   Thumb Code     0  ddiv.o(x$fpl$ddiv)
    x$fpl$dfixu                              0x0800ae90   Section       90  dfixu.o(x$fpl$dfixu)
    x$fpl$dfltu                              0x0800aeea   Section       38  dflt_clz.o(x$fpl$dfltu)
    x$fpl$dmul                               0x0800af10   Section      340  dmul.o(x$fpl$dmul)
    x$fpl$dnaninf                            0x0800b064   Section      156  dnaninf.o(x$fpl$dnaninf)
    x$fpl$dretinf                            0x0800b100   Section       12  dretinf.o(x$fpl$dretinf)
    x$fpl$drsb                               0x0800b10c   Section       22  daddsub_clz.o(x$fpl$drsb)
    x$fpl$dsqrt                              0x0800b124   Section      460  dsqrt_noumaal.o(x$fpl$dsqrt)
    x$fpl$dsub                               0x0800b2f0   Section      468  daddsub_clz.o(x$fpl$dsub)
    _dsub1                                   0x0800b301   Thumb Code     0  daddsub_clz.o(x$fpl$dsub)
    x$fpl$f2d                                0x0800b4c4   Section       86  f2d.o(x$fpl$f2d)
    x$fpl$fadd                               0x0800b51c   Section      196  faddsub_clz.o(x$fpl$fadd)
    _fadd1                                   0x0800b52b   Thumb Code     0  faddsub_clz.o(x$fpl$fadd)
    x$fpl$fcmpinf                            0x0800b5e0   Section       24  fcmpi.o(x$fpl$fcmpinf)
    x$fpl$fdiv                               0x0800b5f8   Section      388  fdiv.o(x$fpl$fdiv)
    _fdiv1                                   0x0800b5f9   Thumb Code     0  fdiv.o(x$fpl$fdiv)
    x$fpl$ffixu                              0x0800b77c   Section       62  ffixu.o(x$fpl$ffixu)
    x$fpl$fflt                               0x0800b7bc   Section       48  fflt_clz.o(x$fpl$fflt)
    x$fpl$ffltu                              0x0800b7ec   Section       38  fflt_clz.o(x$fpl$ffltu)
    x$fpl$fleqf                              0x0800b814   Section      104  fleqf.o(x$fpl$fleqf)
    x$fpl$fmul                               0x0800b87c   Section      258  fmul.o(x$fpl$fmul)
    x$fpl$fnaninf                            0x0800b97e   Section      140  fnaninf.o(x$fpl$fnaninf)
    x$fpl$fretinf                            0x0800ba0a   Section       10  fretinf.o(x$fpl$fretinf)
    x$fpl$frleqf                             0x0800ba14   Section       98  frleqf.o(x$fpl$frleqf)
    x$fpl$fsub                               0x0800ba78   Section      234  faddsub_clz.o(x$fpl$fsub)
    _fsub1                                   0x0800ba87   Thumb Code     0  faddsub_clz.o(x$fpl$fsub)
    x$fpl$printf1                            0x0800bb62   Section        4  printf1.o(x$fpl$printf1)
    .constdata                               0x0800bb66   Section     6528  lcd.o(.constdata)
    x$fpl$usenofp                            0x0800bb66   Section        0  usenofp.o(x$fpl$usenofp)
    .constdata                               0x0800d4e6   Section       40  _printf_hex_int.o(.constdata)
    uc_hextab                                0x0800d4e6   Data          20  _printf_hex_int.o(.constdata)
    lc_hextab                                0x0800d4fa   Data          20  _printf_hex_int.o(.constdata)
    .constdata                               0x0800d510   Section      148  bigflt0.o(.constdata)
    tenpwrs_x                                0x0800d510   Data          60  bigflt0.o(.constdata)
    tenpwrs_i                                0x0800d54c   Data          64  bigflt0.o(.constdata)
    locale$$data                             0x0800d5c4   Section       28  lc_numeric_c.o(locale$$data)
    __lcnum_c_name                           0x0800d5c8   Data           2  lc_numeric_c.o(locale$$data)
    __lcnum_c_start                          0x0800d5d0   Data           0  lc_numeric_c.o(locale$$data)
    __lcnum_c_point                          0x0800d5dc   Data           0  lc_numeric_c.o(locale$$data)
    __lcnum_c_thousands                      0x0800d5de   Data           0  lc_numeric_c.o(locale$$data)
    __lcnum_c_grouping                       0x0800d5df   Data           0  lc_numeric_c.o(locale$$data)
    __lcnum_c_end                            0x0800d5e0   Data           0  lc_numeric_c.o(locale$$data)
    .data                                    0x20000000   Section     4132  main.o(.data)
    .data                                    0x20001024   Section       20  system_stm32f10x.o(.data)
    .data                                    0x20001038   Section        1  key.o(.data)
    key_up                                   0x20001038   Data           1  key.o(.data)
    .data                                    0x2000103a   Section        4  lcd.o(.data)
    .data                                    0x2000103e   Section        4  delay.o(.data)
    fac_us                                   0x2000103e   Data           1  delay.o(.data)
    fac_ms                                   0x20001040   Data           2  delay.o(.data)
    .data                                    0x20001044   Section        6  usart.o(.data)
    .data                                    0x2000104a   Section       20  stm32f10x_rcc.o(.data)
    APBAHBPrescTable                         0x2000104a   Data          16  stm32f10x_rcc.o(.data)
    ADCPrescTable                            0x2000105a   Data           4  stm32f10x_rcc.o(.data)
    .bss                                     0x20001060   Section    16404  main.o(.bss)
    .bss                                     0x20005074   Section       14  lcd.o(.bss)
    .bss                                     0x20005082   Section      200  usart.o(.bss)
    .bss                                     0x2000514c   Section       96  libspace.o(.bss)
    HEAP                                     0x200051b0   Section      512  startup_stm32f10x_hd.o(HEAP)
    Heap_Mem                                 0x200051b0   Data         512  startup_stm32f10x_hd.o(HEAP)
    STACK                                    0x200053b0   Section     1024  startup_stm32f10x_hd.o(STACK)
    Stack_Mem                                0x200053b0   Data        1024  startup_stm32f10x_hd.o(STACK)
    __initial_sp                             0x200057b0   Data           0  startup_stm32f10x_hd.o(STACK)

    Global Symbols

    Symbol Name                              Value     Ov Type        Size  Object(Section)

    BuildAttributes$$THM_ISAv4$P$D$K$B$S$PE$A:L22UL41UL21$X:L11$S22US41US21$IEEE1$IW$USESV6$~STKCKD$USESV7$~SHL$OTIME$ROPI$IEEEJ$EBA8$UX$STANDARDLIB$REQ8$PRES8$EABIv2 0x00000000   Number         0  anon$$obj.o ABSOLUTE
    __ARM_use_no_argv                        0x00000000   Number         0  main.o ABSOLUTE
    _printf_flags                            0x00000000   Number         0  printf_stubs.o ABSOLUTE
    _printf_return_value                     0x00000000   Number         0  printf_stubs.o ABSOLUTE
    _printf_sizespec                         0x00000000   Number         0  printf_stubs.o ABSOLUTE
    _printf_widthprec                        0x00000000   Number         0  printf_stubs.o ABSOLUTE
    __ARM_exceptions_init                     - Undefined Weak Reference
    __alloca_initialize                       - Undefined Weak Reference
    __arm_preinit_                            - Undefined Weak Reference
    __cpp_initialize__aeabi_                  - Undefined Weak Reference
    __cxa_finalize                            - Undefined Weak Reference
    __sigvec_lookup                           - Undefined Weak Reference
    _atexit_init                              - Undefined Weak Reference
    _call_atexit_fns                          - Undefined Weak Reference
    _clock_init                               - Undefined Weak Reference
    _fp_trap_init                             - Undefined Weak Reference
    _fp_trap_shutdown                         - Undefined Weak Reference
    _get_lc_collate                           - Undefined Weak Reference
    _get_lc_ctype                             - Undefined Weak Reference
    _get_lc_monetary                          - Undefined Weak Reference
    _get_lc_time                              - Undefined Weak Reference
    _getenv_init                              - Undefined Weak Reference
    _handle_redirection                       - Undefined Weak Reference
    _init_alloc                               - Undefined Weak Reference
    _init_user_alloc                          - Undefined Weak Reference
    _initio                                   - Undefined Weak Reference
    _mutex_acquire                            - Undefined Weak Reference
    _mutex_release                            - Undefined Weak Reference
    _printf_post_padding                      - Undefined Weak Reference
    _printf_pre_padding                       - Undefined Weak Reference
    _printf_truncate_unsigned                 - Undefined Weak Reference
    _rand_init                                - Undefined Weak Reference
    _signal_finish                            - Undefined Weak Reference
    _signal_init                              - Undefined Weak Reference
    _terminate_alloc                          - Undefined Weak Reference
    _terminate_user_alloc                     - Undefined Weak Reference
    _terminateio                              - Undefined Weak Reference
    __Vectors_Size                           0x00000130   Number         0  startup_stm32f10x_hd.o ABSOLUTE
    __Vectors                                0x08000000   Data           4  startup_stm32f10x_hd.o(RESET)
    __Vectors_End                            0x08000130   Data           0  startup_stm32f10x_hd.o(RESET)
    __main                                   0x08000131   Thumb Code     8  __main.o(!!!main)
    __scatterload                            0x08000139   Thumb Code     0  __scatter.o(!!!scatter)
    __scatterload_rt2                        0x08000139   Thumb Code    44  __scatter.o(!!!scatter)
    __scatterload_rt2_thumb_only             0x08000139   Thumb Code     0  __scatter.o(!!!scatter)
    __scatterload_null                       0x08000147   Thumb Code     0  __scatter.o(!!!scatter)
    __decompress                             0x0800016d   Thumb Code   100  __dclz77c.o(!!dclz77c)
    __decompress2                            0x0800016d   Thumb Code     0  __dclz77c.o(!!dclz77c)
    __scatterload_zeroinit                   0x080001d1   Thumb Code    28  __scatter_zi.o(!!handler_zi)
    _printf_f                                0x080001ed   Thumb Code     0  _printf_f.o(.ARM.Collect$$_printf_percent$$00000003)
    _printf_percent                          0x080001ed   Thumb Code     0  _printf_percent.o(.ARM.Collect$$_printf_percent$$00000000)
    _printf_x                                0x080001f3   Thumb Code     0  _printf_x.o(.ARM.Collect$$_printf_percent$$0000000C)
    _printf_percent_end                      0x080001f9   Thumb Code     0  _printf_percent_end.o(.ARM.Collect$$_printf_percent$$00000017)
    __rt_lib_init                            0x080001fd   Thumb Code     0  libinit.o(.ARM.Collect$$libinit$$00000000)
    __rt_lib_init_fp_1                       0x080001ff   Thumb Code     0  libinit2.o(.ARM.Collect$$libinit$$00000002)
    __rt_lib_init_heap_1                     0x080001ff   Thumb Code     0  libinit2.o(.ARM.Collect$$libinit$$0000000A)
    __rt_lib_init_lc_common                  0x080001ff   Thumb Code     0  libinit2.o(.ARM.Collect$$libinit$$0000000F)
    __rt_lib_init_preinit_1                  0x080001ff   Thumb Code     0  libinit2.o(.ARM.Collect$$libinit$$00000004)
    __rt_lib_init_rand_1                     0x080001ff   Thumb Code     0  libinit2.o(.ARM.Collect$$libinit$$0000000E)
    __rt_lib_init_user_alloc_1               0x080001ff   Thumb Code     0  libinit2.o(.ARM.Collect$$libinit$$0000000C)
    __rt_lib_init_lc_collate_1               0x08000205   Thumb Code     0  libinit2.o(.ARM.Collect$$libinit$$00000011)
    __rt_lib_init_lc_ctype_1                 0x08000205   Thumb Code     0  libinit2.o(.ARM.Collect$$libinit$$00000013)
    __rt_lib_init_lc_monetary_1              0x08000205   Thumb Code     0  libinit2.o(.ARM.Collect$$libinit$$00000015)
    __rt_lib_init_lc_numeric_2               0x08000205   Thumb Code     0  libinit2.o(.ARM.Collect$$libinit$$00000016)
    __rt_lib_init_alloca_1                   0x0800020f   Thumb Code     0  libinit2.o(.ARM.Collect$$libinit$$0000002E)
    __rt_lib_init_argv_1                     0x0800020f   Thumb Code     0  libinit2.o(.ARM.Collect$$libinit$$0000002C)
    __rt_lib_init_atexit_1                   0x0800020f   Thumb Code     0  libinit2.o(.ARM.Collect$$libinit$$0000001B)
    __rt_lib_init_clock_1                    0x0800020f   Thumb Code     0  libinit2.o(.ARM.Collect$$libinit$$00000021)
    __rt_lib_init_cpp_1                      0x0800020f   Thumb Code     0  libinit2.o(.ARM.Collect$$libinit$$00000032)
    __rt_lib_init_exceptions_1               0x0800020f   Thumb Code     0  libinit2.o(.ARM.Collect$$libinit$$00000030)
    __rt_lib_init_fp_trap_1                  0x0800020f   Thumb Code     0  libinit2.o(.ARM.Collect$$libinit$$0000001F)
    __rt_lib_init_getenv_1                   0x0800020f   Thumb Code     0  libinit2.o(.ARM.Collect$$libinit$$00000023)
    __rt_lib_init_lc_numeric_1               0x0800020f   Thumb Code     0  libinit2.o(.ARM.Collect$$libinit$$00000017)
    __rt_lib_init_lc_time_1                  0x0800020f   Thumb Code     0  libinit2.o(.ARM.Collect$$libinit$$00000019)
    __rt_lib_init_return                     0x0800020f   Thumb Code     0  libinit2.o(.ARM.Collect$$libinit$$00000033)
    __rt_lib_init_signal_1                   0x0800020f   Thumb Code     0  libinit2.o(.ARM.Collect$$libinit$$0000001D)
    __rt_lib_init_stdio_1                    0x0800020f   Thumb Code     0  libinit2.o(.ARM.Collect$$libinit$$00000025)
    __rt_lib_shutdown                        0x08000211   Thumb Code     0  libshutdown.o(.ARM.Collect$$libshutdown$$00000000)
    __rt_lib_shutdown_fp_trap_1              0x08000213   Thumb Code     0  libshutdown2.o(.ARM.Collect$$libshutdown$$00000006)
    __rt_lib_shutdown_heap_1                 0x08000213   Thumb Code     0  libshutdown2.o(.ARM.Collect$$libshutdown$$0000000E)
    __rt_lib_shutdown_return                 0x08000213   Thumb Code     0  libshutdown2.o(.ARM.Collect$$libshutdown$$0000000F)
    __rt_lib_shutdown_signal_1               0x08000213   Thumb Code     0  libshutdown2.o(.ARM.Collect$$libshutdown$$00000009)
    __rt_lib_shutdown_stdio_1                0x08000213   Thumb Code     0  libshutdown2.o(.ARM.Collect$$libshutdown$$00000003)
    __rt_lib_shutdown_user_alloc_1           0x08000213   Thumb Code     0  libshutdown2.o(.ARM.Collect$$libshutdown$$0000000B)
    __rt_entry                               0x08000215   Thumb Code     0  __rtentry.o(.ARM.Collect$$rtentry$$00000000)
    __rt_entry_presh_1                       0x08000215   Thumb Code     0  __rtentry2.o(.ARM.Collect$$rtentry$$00000002)
    __rt_entry_sh                            0x08000215   Thumb Code     0  __rtentry4.o(.ARM.Collect$$rtentry$$00000004)
    __rt_entry_li                            0x0800021b   Thumb Code     0  __rtentry2.o(.ARM.Collect$$rtentry$$0000000A)
    __rt_entry_postsh_1                      0x0800021b   Thumb Code     0  __rtentry2.o(.ARM.Collect$$rtentry$$00000009)
    __rt_entry_main                          0x0800021f   Thumb Code     0  __rtentry2.o(.ARM.Collect$$rtentry$$0000000D)
    __rt_entry_postli_1                      0x0800021f   Thumb Code     0  __rtentry2.o(.ARM.Collect$$rtentry$$0000000C)
    __rt_exit                                0x08000227   Thumb Code     0  rtexit.o(.ARM.Collect$$rtexit$$00000000)
    __rt_exit_ls                             0x08000229   Thumb Code     0  rtexit2.o(.ARM.Collect$$rtexit$$00000003)
    __rt_exit_prels_1                        0x08000229   Thumb Code     0  rtexit2.o(.ARM.Collect$$rtexit$$00000002)
    __rt_exit_exit                           0x0800022d   Thumb Code     0  rtexit2.o(.ARM.Collect$$rtexit$$00000004)
    clear_point                              0x08000235   Thumb Code   176  main.o(.text)
    GetPowerMag                              0x080002e5   Thumb Code   646  main.o(.text)
    main                                     0x0800056b   Thumb Code   554  main.o(.text)
    DMA1_Channel1_IRQHandler                 0x08000795   Thumb Code    70  main.o(.text)
    EXTI0_IRQHandler                         0x080007db   Thumb Code   124  main.o(.text)
    EXTI3_IRQHandler                         0x08000857   Thumb Code   180  main.o(.text)
    EXTI4_IRQHandler                         0x0800090b   Thumb Code    48  main.o(.text)
    NMI_Handler                              0x08000995   Thumb Code     2  stm32f10x_it.o(.text)
    HardFault_Handler                        0x08000997   Thumb Code     4  stm32f10x_it.o(.text)
    MemManage_Handler                        0x0800099b   Thumb Code     4  stm32f10x_it.o(.text)
    BusFault_Handler                         0x0800099f   Thumb Code     4  stm32f10x_it.o(.text)
    UsageFault_Handler                       0x080009a3   Thumb Code     4  stm32f10x_it.o(.text)
    SVC_Handler                              0x080009a7   Thumb Code     2  stm32f10x_it.o(.text)
    DebugMon_Handler                         0x080009a9   Thumb Code     2  stm32f10x_it.o(.text)
    PendSV_Handler                           0x080009ab   Thumb Code     2  stm32f10x_it.o(.text)
    SysTick_Handler                          0x080009ad   Thumb Code     2  stm32f10x_it.o(.text)
    SystemInit                               0x08000a8f   Thumb Code    78  system_stm32f10x.o(.text)
    SystemCoreClockUpdate                    0x08000add   Thumb Code   142  system_stm32f10x.o(.text)
    LED_Init                                 0x08000b91   Thumb Code   138  led.o(.text)
    KEY_Init                                 0x08000c29   Thumb Code    52  key.o(.text)
    KEY_Scan                                 0x08000c5d   Thumb Code   150  key.o(.text)
    LCD_WR_REG                               0x08000d01   Thumb Code     6  lcd.o(.text)
    LCD_WR_DATA                              0x08000d07   Thumb Code     8  lcd.o(.text)
    LCD_RD_DATA                              0x08000d0f   Thumb Code    16  lcd.o(.text)
    LCD_WriteReg                             0x08000d1f   Thumb Code    10  lcd.o(.text)
    LCD_ReadReg                              0x08000d29   Thumb Code    22  lcd.o(.text)
    LCD_WriteRAM_Prepare                     0x08000d3f   Thumb Code    10  lcd.o(.text)
    LCD_WriteRAM                             0x08000d49   Thumb Code     8  lcd.o(.text)
    LCD_BGR2RGB                              0x08000d51   Thumb Code    26  lcd.o(.text)
    opt_delay                                0x08000d6b   Thumb Code    14  lcd.o(.text)
    LCD_SetCursor                            0x08000d79   Thumb Code   418  lcd.o(.text)
    LCD_ReadPoint                            0x08000f1b   Thumb Code   360  lcd.o(.text)
    LCD_DisplayOn                            0x08001083   Thumb Code   102  lcd.o(.text)
    LCD_DisplayOff                           0x080010e9   Thumb Code    90  lcd.o(.text)
    LCD_Scan_Dir                             0x08001143   Thumb Code   744  lcd.o(.text)
    LCD_DrawPoint                            0x0800142b   Thumb Code    28  lcd.o(.text)
    LCD_Fast_DrawPoint                       0x08001447   Thumb Code   384  lcd.o(.text)
    LCD_SSD_BackLightSet                     0x080015c7   Thumb Code    80  lcd.o(.text)
    LCD_Display_Dir                          0x08001617   Thumb Code   444  lcd.o(.text)
    LCD_Set_Window                           0x080017d3   Thumb Code   540  lcd.o(.text)
    LCD_Clear                                0x080019ef   Thumb Code   100  lcd.o(.text)
    LCD_Init                                 0x08001a53   Thumb Code 14184  lcd.o(.text)
    LCD_Fill                                 0x080051bb   Thumb Code   178  lcd.o(.text)
    LCD_Color_Fill                           0x0800526d   Thumb Code   106  lcd.o(.text)
    LCD_DrawLine                             0x080052d7   Thumb Code   176  lcd.o(.text)
    LCD_DrawRectangle                        0x08005387   Thumb Code    60  lcd.o(.text)
    LCD_Draw_Circle                          0x080053c3   Thumb Code   152  lcd.o(.text)
    LCD_ShowChar                             0x0800545b   Thumb Code   272  lcd.o(.text)
    LCD_Pow                                  0x0800556b   Thumb Code    22  lcd.o(.text)
    LCD_ShowNum                              0x08005581   Thumb Code   148  lcd.o(.text)
    LCD_ShowxNum                             0x08005615   Thumb Code   220  lcd.o(.text)
    LCD_ShowString                           0x080056f1   Thumb Code   102  lcd.o(.text)
    lcd_huadian                              0x08005757   Thumb Code    24  lcd.o(.text)
    lcd_huaxian                              0x0800576f   Thumb Code    32  lcd.o(.text)
    LCD_Draw_Point                           0x0800578f   Thumb Code    28  lcd.o(.text)
    LCD_Show_Chinese                         0x080057ab   Thumb Code   146  lcd.o(.text)
    LCD_ShowContent                          0x0800583d   Thumb Code    54  lcd.o(.text)
    LCD_ShowContent_up_down                  0x08005873   Thumb Code    38  lcd.o(.text)
    window                                   0x08005899   Thumb Code   224  lcd.o(.text)
    Adc_Init                                 0x08005995   Thumb Code   172  adc.o(.text)
    MYDMA1_Config                            0x08005a49   Thumb Code   120  dma.o(.text)
    TIM2_PWM_Init                            0x08005ac5   Thumb Code   132  timer.o(.text)
    EXTIX_Init                               0x08005b4d   Thumb Code   176  exti.o(.text)
    BEEP_Init                                0x08005bfd   Thumb Code    50  beep.o(.text)
    delay_init                               0x08005c35   Thumb Code    50  delay.o(.text)
    delay_us                                 0x08005c67   Thumb Code    72  delay.o(.text)
    delay_ms                                 0x08005caf   Thumb Code    72  delay.o(.text)
    _sys_exit                                0x08005d09   Thumb Code     4  usart.o(.text)
    fputc                                    0x08005d0d   Thumb Code    24  usart.o(.text)
    uart_init                                0x08005d25   Thumb Code   152  usart.o(.text)
    USART1_IRQHandler                        0x08005dbd   Thumb Code   122  usart.o(.text)
    Reset_Handler                            0x08005e49   Thumb Code     8  startup_stm32f10x_hd.o(.text)
    ADC1_2_IRQHandler                        0x08005e63   Thumb Code     0  startup_stm32f10x_hd.o(.text)
    ADC3_IRQHandler                          0x08005e63   Thumb Code     0  startup_stm32f10x_hd.o(.text)
    CAN1_RX1_IRQHandler                      0x08005e63   Thumb Code     0  startup_stm32f10x_hd.o(.text)
    CAN1_SCE_IRQHandler                      0x08005e63   Thumb Code     0  startup_stm32f10x_hd.o(.text)
    DMA1_Channel2_IRQHandler                 0x08005e63   Thumb Code     0  startup_stm32f10x_hd.o(.text)
    DMA1_Channel3_IRQHandler                 0x08005e63   Thumb Code     0  startup_stm32f10x_hd.o(.text)
    DMA1_Channel4_IRQHandler                 0x08005e63   Thumb Code     0  startup_stm32f10x_hd.o(.text)
    DMA1_Channel5_IRQHandler                 0x08005e63   Thumb Code     0  startup_stm32f10x_hd.o(.text)
    DMA1_Channel6_IRQHandler                 0x08005e63   Thumb Code     0  startup_stm32f10x_hd.o(.text)
    DMA1_Channel7_IRQHandler                 0x08005e63   Thumb Code     0  startup_stm32f10x_hd.o(.text)
    DMA2_Channel1_IRQHandler                 0x08005e63   Thumb Code     0  startup_stm32f10x_hd.o(.text)
    DMA2_Channel2_IRQHandler                 0x08005e63   Thumb Code     0  startup_stm32f10x_hd.o(.text)
    DMA2_Channel3_IRQHandler                 0x08005e63   Thumb Code     0  startup_stm32f10x_hd.o(.text)
    DMA2_Channel4_5_IRQHandler               0x08005e63   Thumb Code     0  startup_stm32f10x_hd.o(.text)
    EXTI15_10_IRQHandler                     0x08005e63   Thumb Code     0  startup_stm32f10x_hd.o(.text)
    EXTI1_IRQHandler                         0x08005e63   Thumb Code     0  startup_stm32f10x_hd.o(.text)
    EXTI2_IRQHandler                         0x08005e63   Thumb Code     0  startup_stm32f10x_hd.o(.text)
    EXTI9_5_IRQHandler                       0x08005e63   Thumb Code     0  startup_stm32f10x_hd.o(.text)
    FLASH_IRQHandler                         0x08005e63   Thumb Code     0  startup_stm32f10x_hd.o(.text)
    FSMC_IRQHandler                          0x08005e63   Thumb Code     0  startup_stm32f10x_hd.o(.text)
    I2C1_ER_IRQHandler                       0x08005e63   Thumb Code     0  startup_stm32f10x_hd.o(.text)
    I2C1_EV_IRQHandler                       0x08005e63   Thumb Code     0  startup_stm32f10x_hd.o(.text)
    I2C2_ER_IRQHandler                       0x08005e63   Thumb Code     0  startup_stm32f10x_hd.o(.text)
    I2C2_EV_IRQHandler                       0x08005e63   Thumb Code     0  startup_stm32f10x_hd.o(.text)
    PVD_IRQHandler                           0x08005e63   Thumb Code     0  startup_stm32f10x_hd.o(.text)
    RCC_IRQHandler                           0x08005e63   Thumb Code     0  startup_stm32f10x_hd.o(.text)
    RTCAlarm_IRQHandler                      0x08005e63   Thumb Code     0  startup_stm32f10x_hd.o(.text)
    RTC_IRQHandler                           0x08005e63   Thumb Code     0  startup_stm32f10x_hd.o(.text)
    SDIO_IRQHandler                          0x08005e63   Thumb Code     0  startup_stm32f10x_hd.o(.text)
    SPI1_IRQHandler                          0x08005e63   Thumb Code     0  startup_stm32f10x_hd.o(.text)
    SPI2_IRQHandler                          0x08005e63   Thumb Code     0  startup_stm32f10x_hd.o(.text)
    SPI3_IRQHandler                          0x08005e63   Thumb Code     0  startup_stm32f10x_hd.o(.text)
    TAMPER_IRQHandler                        0x08005e63   Thumb Code     0  startup_stm32f10x_hd.o(.text)
    TIM1_BRK_IRQHandler                      0x08005e63   Thumb Code     0  startup_stm32f10x_hd.o(.text)
    TIM1_CC_IRQHandler                       0x08005e63   Thumb Code     0  startup_stm32f10x_hd.o(.text)
    TIM1_TRG_COM_IRQHandler                  0x08005e63   Thumb Code     0  startup_stm32f10x_hd.o(.text)
    TIM1_UP_IRQHandler                       0x08005e63   Thumb Code     0  startup_stm32f10x_hd.o(.text)
    TIM2_IRQHandler                          0x08005e63   Thumb Code     0  startup_stm32f10x_hd.o(.text)
    TIM3_IRQHandler                          0x08005e63   Thumb Code     0  startup_stm32f10x_hd.o(.text)
    TIM4_IRQHandler                          0x08005e63   Thumb Code     0  startup_stm32f10x_hd.o(.text)
    TIM5_IRQHandler                          0x08005e63   Thumb Code     0  startup_stm32f10x_hd.o(.text)
    TIM6_IRQHandler                          0x08005e63   Thumb Code     0  startup_stm32f10x_hd.o(.text)
    TIM7_IRQHandler                          0x08005e63   Thumb Code     0  startup_stm32f10x_hd.o(.text)
    TIM8_BRK_IRQHandler                      0x08005e63   Thumb Code     0  startup_stm32f10x_hd.o(.text)
    TIM8_CC_IRQHandler                       0x08005e63   Thumb Code     0  startup_stm32f10x_hd.o(.text)
    TIM8_TRG_COM_IRQHandler                  0x08005e63   Thumb Code     0  startup_stm32f10x_hd.o(.text)
    TIM8_UP_IRQHandler                       0x08005e63   Thumb Code     0  startup_stm32f10x_hd.o(.text)
    UART4_IRQHandler                         0x08005e63   Thumb Code     0  startup_stm32f10x_hd.o(.text)
    UART5_IRQHandler                         0x08005e63   Thumb Code     0  startup_stm32f10x_hd.o(.text)
    USART2_IRQHandler                        0x08005e63   Thumb Code     0  startup_stm32f10x_hd.o(.text)
    USART3_IRQHandler                        0x08005e63   Thumb Code     0  startup_stm32f10x_hd.o(.text)
    USBWakeUp_IRQHandler                     0x08005e63   Thumb Code     0  startup_stm32f10x_hd.o(.text)
    USB_HP_CAN1_TX_IRQHandler                0x08005e63   Thumb Code     0  startup_stm32f10x_hd.o(.text)
    USB_LP_CAN1_RX0_IRQHandler               0x08005e63   Thumb Code     0  startup_stm32f10x_hd.o(.text)
    WWDG_IRQHandler                          0x08005e63   Thumb Code     0  startup_stm32f10x_hd.o(.text)
    __user_initial_stackheap                 0x08005e65   Thumb Code     0  startup_stm32f10x_hd.o(.text)
    NVIC_PriorityGroupConfig                 0x08005e89   Thumb Code    10  misc.o(.text)
    NVIC_Init                                0x08005e93   Thumb Code   100  misc.o(.text)
    NVIC_SetVectorTable                      0x08005ef7   Thumb Code    14  misc.o(.text)
    NVIC_SystemLPConfig                      0x08005f05   Thumb Code    34  misc.o(.text)
    SysTick_CLKSourceConfig                  0x08005f27   Thumb Code    40  misc.o(.text)
    ADC_DeInit                               0x08005f65   Thumb Code    78  stm32f10x_adc.o(.text)
    ADC_Init                                 0x08005fb3   Thumb Code    70  stm32f10x_adc.o(.text)
    ADC_StructInit                           0x08005ff9   Thumb Code    18  stm32f10x_adc.o(.text)
    ADC_Cmd                                  0x0800600b   Thumb Code    22  stm32f10x_adc.o(.text)
    ADC_DMACmd                               0x08006021   Thumb Code    22  stm32f10x_adc.o(.text)
    ADC_ITConfig                             0x08006037   Thumb Code    24  stm32f10x_adc.o(.text)
    ADC_ResetCalibration                     0x0800604f   Thumb Code    10  stm32f10x_adc.o(.text)
    ADC_GetResetCalibrationStatus            0x08006059   Thumb Code    20  stm32f10x_adc.o(.text)
    ADC_StartCalibration                     0x0800606d   Thumb Code    10  stm32f10x_adc.o(.text)
    ADC_GetCalibrationStatus                 0x08006077   Thumb Code    20  stm32f10x_adc.o(.text)
    ADC_SoftwareStartConvCmd                 0x0800608b   Thumb Code    22  stm32f10x_adc.o(.text)
    ADC_GetSoftwareStartConvStatus           0x080060a1   Thumb Code    20  stm32f10x_adc.o(.text)
    ADC_DiscModeChannelCountConfig           0x080060b5   Thumb Code    24  stm32f10x_adc.o(.text)
    ADC_DiscModeCmd                          0x080060cd   Thumb Code    22  stm32f10x_adc.o(.text)
    ADC_RegularChannelConfig                 0x080060e3   Thumb Code   184  stm32f10x_adc.o(.text)
    ADC_ExternalTrigConvCmd                  0x0800619b   Thumb Code    22  stm32f10x_adc.o(.text)
    ADC_GetConversionValue                   0x080061b1   Thumb Code     8  stm32f10x_adc.o(.text)
    ADC_GetDualModeConversionValue           0x080061b9   Thumb Code     8  stm32f10x_adc.o(.text)
    ADC_AutoInjectedConvCmd                  0x080061c1   Thumb Code    22  stm32f10x_adc.o(.text)
    ADC_InjectedDiscModeCmd                  0x080061d7   Thumb Code    22  stm32f10x_adc.o(.text)
    ADC_ExternalTrigInjectedConvConfig       0x080061ed   Thumb Code    16  stm32f10x_adc.o(.text)
    ADC_ExternalTrigInjectedConvCmd          0x080061fd   Thumb Code    22  stm32f10x_adc.o(.text)
    ADC_SoftwareStartInjectedConvCmd         0x08006213   Thumb Code    22  stm32f10x_adc.o(.text)
    ADC_GetSoftwareStartInjectedConvCmdStatus 0x08006229   Thumb Code    20  stm32f10x_adc.o(.text)
    ADC_InjectedChannelConfig                0x0800623d   Thumb Code   130  stm32f10x_adc.o(.text)
    ADC_InjectedSequencerLengthConfig        0x080062bf   Thumb Code    24  stm32f10x_adc.o(.text)
    ADC_SetInjectedOffset                    0x080062d7   Thumb Code    20  stm32f10x_adc.o(.text)
    ADC_GetInjectedConversionValue           0x080062eb   Thumb Code    28  stm32f10x_adc.o(.text)
    ADC_AnalogWatchdogCmd                    0x08006307   Thumb Code    16  stm32f10x_adc.o(.text)
    ADC_AnalogWatchdogThresholdsConfig       0x08006317   Thumb Code     6  stm32f10x_adc.o(.text)
    ADC_AnalogWatchdogSingleChannelConfig    0x0800631d   Thumb Code    16  stm32f10x_adc.o(.text)
    ADC_TempSensorVrefintCmd                 0x0800632d   Thumb Code    64  stm32f10x_adc.o(.text)
    ADC_GetFlagStatus                        0x0800636d   Thumb Code    18  stm32f10x_adc.o(.text)
    ADC_ClearFlag                            0x0800637f   Thumb Code     6  stm32f10x_adc.o(.text)
    ADC_GetITStatus                          0x08006385   Thumb Code    36  stm32f10x_adc.o(.text)
    ADC_ClearITPendingBit                    0x080063a9   Thumb Code    10  stm32f10x_adc.o(.text)
    FSMC_NORSRAMDeInit                       0x080063b5   Thumb Code    54  stm32f10x_fsmc.o(.text)
    FSMC_NANDDeInit                          0x080063eb   Thumb Code    62  stm32f10x_fsmc.o(.text)
    FSMC_PCCARDDeInit                        0x08006429   Thumb Code    36  stm32f10x_fsmc.o(.text)
    FSMC_NORSRAMInit                         0x0800644d   Thumb Code   230  stm32f10x_fsmc.o(.text)
    FSMC_NANDInit                            0x08006533   Thumb Code   132  stm32f10x_fsmc.o(.text)
    FSMC_PCCARDInit                          0x080065b7   Thumb Code   130  stm32f10x_fsmc.o(.text)
    FSMC_NORSRAMStructInit                   0x08006639   Thumb Code   114  stm32f10x_fsmc.o(.text)
    FSMC_NANDStructInit                      0x080066ab   Thumb Code    54  stm32f10x_fsmc.o(.text)
    FSMC_PCCARDStructInit                    0x080066e1   Thumb Code    60  stm32f10x_fsmc.o(.text)
    FSMC_NORSRAMCmd                          0x0800671d   Thumb Code    46  stm32f10x_fsmc.o(.text)
    FSMC_NANDCmd                             0x0800674b   Thumb Code    86  stm32f10x_fsmc.o(.text)
    FSMC_PCCARDCmd                           0x080067a1   Thumb Code    44  stm32f10x_fsmc.o(.text)
    FSMC_NANDECCCmd                          0x080067cd   Thumb Code    90  stm32f10x_fsmc.o(.text)
    FSMC_GetECC                              0x08006827   Thumb Code    24  stm32f10x_fsmc.o(.text)
    FSMC_ITConfig                            0x0800683f   Thumb Code   128  stm32f10x_fsmc.o(.text)
    FSMC_GetFlagStatus                       0x080068bf   Thumb Code    54  stm32f10x_fsmc.o(.text)
    FSMC_ClearFlag                           0x080068f5   Thumb Code    62  stm32f10x_fsmc.o(.text)
    FSMC_GetITStatus                         0x08006933   Thumb Code    64  stm32f10x_fsmc.o(.text)
    FSMC_ClearITPendingBit                   0x08006973   Thumb Code    68  stm32f10x_fsmc.o(.text)
    GPIO_DeInit                              0x080069c1   Thumb Code   172  stm32f10x_gpio.o(.text)
    GPIO_AFIODeInit                          0x08006a6d   Thumb Code    20  stm32f10x_gpio.o(.text)
    GPIO_Init                                0x08006a81   Thumb Code   278  stm32f10x_gpio.o(.text)
    GPIO_StructInit                          0x08006b97   Thumb Code    16  stm32f10x_gpio.o(.text)
    GPIO_ReadInputDataBit                    0x08006ba7   Thumb Code    18  stm32f10x_gpio.o(.text)
    GPIO_ReadInputData                       0x08006bb9   Thumb Code     8  stm32f10x_gpio.o(.text)
    GPIO_ReadOutputDataBit                   0x08006bc1   Thumb Code    18  stm32f10x_gpio.o(.text)
    GPIO_ReadOutputData                      0x08006bd3   Thumb Code     8  stm32f10x_gpio.o(.text)
    GPIO_SetBits                             0x08006bdb   Thumb Code     4  stm32f10x_gpio.o(.text)
    GPIO_ResetBits                           0x08006bdf   Thumb Code     4  stm32f10x_gpio.o(.text)
    GPIO_WriteBit                            0x08006be3   Thumb Code    10  stm32f10x_gpio.o(.text)
    GPIO_Write                               0x08006bed   Thumb Code     4  stm32f10x_gpio.o(.text)
    GPIO_PinLockConfig                       0x08006bf1   Thumb Code    18  stm32f10x_gpio.o(.text)
    GPIO_EventOutputConfig                   0x08006c03   Thumb Code    26  stm32f10x_gpio.o(.text)
    GPIO_EventOutputCmd                      0x08006c1d   Thumb Code     6  stm32f10x_gpio.o(.text)
    GPIO_PinRemapConfig                      0x08006c23   Thumb Code   138  stm32f10x_gpio.o(.text)
    GPIO_EXTILineConfig                      0x08006cad   Thumb Code    66  stm32f10x_gpio.o(.text)
    GPIO_ETH_MediaInterfaceConfig            0x08006cef   Thumb Code     8  stm32f10x_gpio.o(.text)
    RCC_DeInit                               0x08006d1d   Thumb Code    64  stm32f10x_rcc.o(.text)
    RCC_HSEConfig                            0x08006d5d   Thumb Code    70  stm32f10x_rcc.o(.text)
    RCC_GetFlagStatus                        0x08006da3   Thumb Code    56  stm32f10x_rcc.o(.text)
    RCC_WaitForHSEStartUp                    0x08006ddb   Thumb Code    56  stm32f10x_rcc.o(.text)
    RCC_AdjustHSICalibrationValue            0x08006e13   Thumb Code    20  stm32f10x_rcc.o(.text)
    RCC_HSICmd                               0x08006e27   Thumb Code     6  stm32f10x_rcc.o(.text)
    RCC_PLLConfig                            0x08006e2d   Thumb Code    24  stm32f10x_rcc.o(.text)
    RCC_PLLCmd                               0x08006e45   Thumb Code     6  stm32f10x_rcc.o(.text)
    RCC_SYSCLKConfig                         0x08006e4b   Thumb Code    18  stm32f10x_rcc.o(.text)
    RCC_GetSYSCLKSource                      0x08006e5d   Thumb Code    10  stm32f10x_rcc.o(.text)
    RCC_HCLKConfig                           0x08006e67   Thumb Code    18  stm32f10x_rcc.o(.text)
    RCC_PCLK1Config                          0x08006e79   Thumb Code    18  stm32f10x_rcc.o(.text)
    RCC_PCLK2Config                          0x08006e8b   Thumb Code    20  stm32f10x_rcc.o(.text)
    RCC_ITConfig                             0x08006e9f   Thumb Code    26  stm32f10x_rcc.o(.text)
    RCC_USBCLKConfig                         0x08006eb9   Thumb Code     8  stm32f10x_rcc.o(.text)
    RCC_ADCCLKConfig                         0x08006ec1   Thumb Code    18  stm32f10x_rcc.o(.text)
    RCC_LSEConfig                            0x08006ed3   Thumb Code    50  stm32f10x_rcc.o(.text)
    RCC_LSICmd                               0x08006f05   Thumb Code     6  stm32f10x_rcc.o(.text)
    RCC_RTCCLKConfig                         0x08006f0b   Thumb Code    12  stm32f10x_rcc.o(.text)
    RCC_RTCCLKCmd                            0x08006f17   Thumb Code     8  stm32f10x_rcc.o(.text)
    RCC_GetClocksFreq                        0x08006f1f   Thumb Code   192  stm32f10x_rcc.o(.text)
    RCC_AHBPeriphClockCmd                    0x08006fdf   Thumb Code    26  stm32f10x_rcc.o(.text)
    RCC_APB2PeriphClockCmd                   0x08006ff9   Thumb Code    26  stm32f10x_rcc.o(.text)
    RCC_APB1PeriphClockCmd                   0x08007013   Thumb Code    26  stm32f10x_rcc.o(.text)
    RCC_APB2PeriphResetCmd                   0x0800702d   Thumb Code    26  stm32f10x_rcc.o(.text)
    RCC_APB1PeriphResetCmd                   0x08007047   Thumb Code    26  stm32f10x_rcc.o(.text)
    RCC_BackupResetCmd                       0x08007061   Thumb Code     8  stm32f10x_rcc.o(.text)
    RCC_ClockSecuritySystemCmd               0x08007069   Thumb Code     6  stm32f10x_rcc.o(.text)
    RCC_MCOConfig                            0x0800706f   Thumb Code     6  stm32f10x_rcc.o(.text)
    RCC_ClearFlag                            0x08007075   Thumb Code    14  stm32f10x_rcc.o(.text)
    RCC_GetITStatus                          0x08007083   Thumb Code    20  stm32f10x_rcc.o(.text)
    RCC_ClearITPendingBit                    0x08007097   Thumb Code     6  stm32f10x_rcc.o(.text)
    USART_DeInit                             0x080070c1   Thumb Code   134  stm32f10x_usart.o(.text)
    USART_Init                               0x08007147   Thumb Code   210  stm32f10x_usart.o(.text)
    USART_StructInit                         0x08007219   Thumb Code    24  stm32f10x_usart.o(.text)
    USART_ClockInit                          0x08007231   Thumb Code    34  stm32f10x_usart.o(.text)
    USART_ClockStructInit                    0x08007253   Thumb Code    12  stm32f10x_usart.o(.text)
    USART_Cmd                                0x0800725f   Thumb Code    24  stm32f10x_usart.o(.text)
    USART_ITConfig                           0x08007277   Thumb Code    74  stm32f10x_usart.o(.text)
    USART_DMACmd                             0x080072c1   Thumb Code    18  stm32f10x_usart.o(.text)
    USART_SetAddress                         0x080072d3   Thumb Code    18  stm32f10x_usart.o(.text)
    USART_WakeUpConfig                       0x080072e5   Thumb Code    18  stm32f10x_usart.o(.text)
    USART_ReceiverWakeUpCmd                  0x080072f7   Thumb Code    24  stm32f10x_usart.o(.text)
    USART_LINBreakDetectLengthConfig         0x0800730f   Thumb Code    18  stm32f10x_usart.o(.text)
    USART_LINCmd                             0x08007321   Thumb Code    24  stm32f10x_usart.o(.text)
    USART_SendData                           0x08007339   Thumb Code     8  stm32f10x_usart.o(.text)
    USART_ReceiveData                        0x08007341   Thumb Code    10  stm32f10x_usart.o(.text)
    USART_SendBreak                          0x0800734b   Thumb Code    10  stm32f10x_usart.o(.text)
    USART_SetGuardTime                       0x08007355   Thumb Code    16  stm32f10x_usart.o(.text)
    USART_SetPrescaler                       0x08007365   Thumb Code    16  stm32f10x_usart.o(.text)
    USART_SmartCardCmd                       0x08007375   Thumb Code    24  stm32f10x_usart.o(.text)
    USART_SmartCardNACKCmd                   0x0800738d   Thumb Code    24  stm32f10x_usart.o(.text)
    USART_HalfDuplexCmd                      0x080073a5   Thumb Code    24  stm32f10x_usart.o(.text)
    USART_OverSampling8Cmd                   0x080073bd   Thumb Code    22  stm32f10x_usart.o(.text)
    USART_OneBitMethodCmd                    0x080073d3   Thumb Code    24  stm32f10x_usart.o(.text)
    USART_IrDAConfig                         0x080073eb   Thumb Code    18  stm32f10x_usart.o(.text)
    USART_IrDACmd                            0x080073fd   Thumb Code    24  stm32f10x_usart.o(.text)
    USART_GetFlagStatus                      0x08007415   Thumb Code    26  stm32f10x_usart.o(.text)
    USART_ClearFlag                          0x0800742f   Thumb Code    18  stm32f10x_usart.o(.text)
    USART_GetITStatus                        0x08007441   Thumb Code    84  stm32f10x_usart.o(.text)
    USART_ClearITPendingBit                  0x08007495   Thumb Code    52  stm32f10x_usart.o(.text)
    DMA_DeInit                               0x080074c9   Thumb Code   324  stm32f10x_dma.o(.text)
    DMA_Init                                 0x0800760d   Thumb Code    60  stm32f10x_dma.o(.text)
    DMA_StructInit                           0x08007649   Thumb Code    26  stm32f10x_dma.o(.text)
    DMA_Cmd                                  0x08007663   Thumb Code    24  stm32f10x_dma.o(.text)
    DMA_ITConfig                             0x0800767b   Thumb Code    18  stm32f10x_dma.o(.text)
    DMA_SetCurrDataCounter                   0x0800768d   Thumb Code     4  stm32f10x_dma.o(.text)
    DMA_GetCurrDataCounter                   0x08007691   Thumb Code     8  stm32f10x_dma.o(.text)
    DMA_GetFlagStatus                        0x08007699   Thumb Code    40  stm32f10x_dma.o(.text)
    DMA_ClearFlag                            0x080076c1   Thumb Code    22  stm32f10x_dma.o(.text)
    DMA_GetITStatus                          0x080076d7   Thumb Code    40  stm32f10x_dma.o(.text)
    DMA_ClearITPendingBit                    0x080076ff   Thumb Code    22  stm32f10x_dma.o(.text)
    TIM_DeInit                               0x0800771d   Thumb Code   424  stm32f10x_tim.o(.text)
    TIM_TimeBaseInit                         0x080078c5   Thumb Code   122  stm32f10x_tim.o(.text)
    TIM_OC1Init                              0x0800793f   Thumb Code   132  stm32f10x_tim.o(.text)
    TIM_OC2Init                              0x080079c3   Thumb Code   154  stm32f10x_tim.o(.text)
    TIM_OC3Init                              0x08007a5d   Thumb Code   150  stm32f10x_tim.o(.text)
    TIM_OC4Init                              0x08007af3   Thumb Code   182  stm32f10x_tim.o(.text)
    TIM_SetIC4Prescaler                      0x08007ba9   Thumb Code    26  stm32f10x_tim.o(.text)
    TIM_SetIC3Prescaler                      0x08007c45   Thumb Code    18  stm32f10x_tim.o(.text)
    TIM_SetIC2Prescaler                      0x08007cd1   Thumb Code    26  stm32f10x_tim.o(.text)
    TIM_SetIC1Prescaler                      0x08007d6d   Thumb Code    18  stm32f10x_tim.o(.text)
    TIM_ICInit                               0x08007deb   Thumb Code   150  stm32f10x_tim.o(.text)
    TIM_PWMIConfig                           0x08007e81   Thumb Code   124  stm32f10x_tim.o(.text)
    TIM_BDTRConfig                           0x08007efd   Thumb Code    32  stm32f10x_tim.o(.text)
    TIM_TimeBaseStructInit                   0x08007f1d   Thumb Code    18  stm32f10x_tim.o(.text)
    TIM_OCStructInit                         0x08007f2f   Thumb Code    20  stm32f10x_tim.o(.text)
    TIM_ICStructInit                         0x08007f43   Thumb Code    18  stm32f10x_tim.o(.text)
    TIM_BDTRStructInit                       0x08007f55   Thumb Code    40  stm32f10x_tim.o(.text)
    TIM_Cmd                                  0x08007f7d   Thumb Code    24  stm32f10x_tim.o(.text)
    TIM_CtrlPWMOutputs                       0x08007f95   Thumb Code    30  stm32f10x_tim.o(.text)
    TIM_ITConfig                             0x08007fb3   Thumb Code    18  stm32f10x_tim.o(.text)
    TIM_GenerateEvent                        0x08007fc5   Thumb Code     4  stm32f10x_tim.o(.text)
    TIM_DMAConfig                            0x08007fc9   Thumb Code    10  stm32f10x_tim.o(.text)
    TIM_DMACmd                               0x08007fd3   Thumb Code    18  stm32f10x_tim.o(.text)
    TIM_InternalClockConfig                  0x08007fe5   Thumb Code    12  stm32f10x_tim.o(.text)
    TIM_SelectInputTrigger                   0x08007ff1   Thumb Code    18  stm32f10x_tim.o(.text)
    TIM_ITRxExternalClockConfig              0x08008003   Thumb Code    24  stm32f10x_tim.o(.text)
    TIM_TIxExternalClockConfig               0x0800801b   Thumb Code    62  stm32f10x_tim.o(.text)
    TIM_ETRConfig                            0x08008059   Thumb Code    28  stm32f10x_tim.o(.text)
    TIM_ETRClockMode1Config                  0x08008075   Thumb Code    54  stm32f10x_tim.o(.text)
    TIM_ETRClockMode2Config                  0x080080ab   Thumb Code    32  stm32f10x_tim.o(.text)
    TIM_PrescalerConfig                      0x080080cb   Thumb Code     6  stm32f10x_tim.o(.text)
    TIM_CounterModeConfig                    0x080080d1   Thumb Code    18  stm32f10x_tim.o(.text)
    TIM_EncoderInterfaceConfig               0x080080e3   Thumb Code    66  stm32f10x_tim.o(.text)
    TIM_ForcedOC1Config                      0x08008125   Thumb Code    18  stm32f10x_tim.o(.text)
    TIM_ForcedOC2Config                      0x08008137   Thumb Code    26  stm32f10x_tim.o(.text)
    TIM_ForcedOC3Config                      0x08008151   Thumb Code    18  stm32f10x_tim.o(.text)
    TIM_ForcedOC4Config                      0x08008163   Thumb Code    26  stm32f10x_tim.o(.text)
    TIM_ARRPreloadConfig                     0x0800817d   Thumb Code    24  stm32f10x_tim.o(.text)
    TIM_SelectCOM                            0x08008195   Thumb Code    24  stm32f10x_tim.o(.text)
    TIM_SelectCCDMA                          0x080081ad   Thumb Code    24  stm32f10x_tim.o(.text)
    TIM_CCPreloadControl                     0x080081c5   Thumb Code    24  stm32f10x_tim.o(.text)
    TIM_OC1PreloadConfig                     0x080081dd   Thumb Code    18  stm32f10x_tim.o(.text)
    TIM_OC2PreloadConfig                     0x080081ef   Thumb Code    26  stm32f10x_tim.o(.text)
    TIM_OC3PreloadConfig                     0x08008209   Thumb Code    18  stm32f10x_tim.o(.text)
    TIM_OC4PreloadConfig                     0x0800821b   Thumb Code    26  stm32f10x_tim.o(.text)
    TIM_OC1FastConfig                        0x08008235   Thumb Code    18  stm32f10x_tim.o(.text)
    TIM_OC2FastConfig                        0x08008247   Thumb Code    26  stm32f10x_tim.o(.text)
    TIM_OC3FastConfig                        0x08008261   Thumb Code    18  stm32f10x_tim.o(.text)
    TIM_OC4FastConfig                        0x08008273   Thumb Code    26  stm32f10x_tim.o(.text)
    TIM_ClearOC1Ref                          0x0800828d   Thumb Code    18  stm32f10x_tim.o(.text)
    TIM_ClearOC2Ref                          0x0800829f   Thumb Code    24  stm32f10x_tim.o(.text)
    TIM_ClearOC3Ref                          0x080082b7   Thumb Code    18  stm32f10x_tim.o(.text)
    TIM_ClearOC4Ref                          0x080082c9   Thumb Code    24  stm32f10x_tim.o(.text)
    TIM_OC1PolarityConfig                    0x080082e1   Thumb Code    18  stm32f10x_tim.o(.text)
    TIM_OC1NPolarityConfig                   0x080082f3   Thumb Code    18  stm32f10x_tim.o(.text)
    TIM_OC2PolarityConfig                    0x08008305   Thumb Code    26  stm32f10x_tim.o(.text)
    TIM_OC2NPolarityConfig                   0x0800831f   Thumb Code    26  stm32f10x_tim.o(.text)
    TIM_OC3PolarityConfig                    0x08008339   Thumb Code    26  stm32f10x_tim.o(.text)
    TIM_OC3NPolarityConfig                   0x08008353   Thumb Code    26  stm32f10x_tim.o(.text)
    TIM_OC4PolarityConfig                    0x0800836d   Thumb Code    26  stm32f10x_tim.o(.text)
    TIM_CCxCmd                               0x08008387   Thumb Code    30  stm32f10x_tim.o(.text)
    TIM_CCxNCmd                              0x080083a5   Thumb Code    30  stm32f10x_tim.o(.text)
    TIM_SelectOCxM                           0x080083c3   Thumb Code    82  stm32f10x_tim.o(.text)
    TIM_UpdateDisableConfig                  0x08008415   Thumb Code    24  stm32f10x_tim.o(.text)
    TIM_UpdateRequestConfig                  0x0800842d   Thumb Code    24  stm32f10x_tim.o(.text)
    TIM_SelectHallSensor                     0x08008445   Thumb Code    24  stm32f10x_tim.o(.text)
    TIM_SelectOnePulseMode                   0x0800845d   Thumb Code    18  stm32f10x_tim.o(.text)
    TIM_SelectOutputTrigger                  0x0800846f   Thumb Code    18  stm32f10x_tim.o(.text)
    TIM_SelectSlaveMode                      0x08008481   Thumb Code    18  stm32f10x_tim.o(.text)
    TIM_SelectMasterSlaveMode                0x08008493   Thumb Code    18  stm32f10x_tim.o(.text)
    TIM_SetCounter                           0x080084a5   Thumb Code     4  stm32f10x_tim.o(.text)
    TIM_SetAutoreload                        0x080084a9   Thumb Code     4  stm32f10x_tim.o(.text)
    TIM_SetCompare1                          0x080084ad   Thumb Code     4  stm32f10x_tim.o(.text)
    TIM_SetCompare2                          0x080084b1   Thumb Code     4  stm32f10x_tim.o(.text)
    TIM_SetCompare3                          0x080084b5   Thumb Code     4  stm32f10x_tim.o(.text)
    TIM_SetCompare4                          0x080084b9   Thumb Code     6  stm32f10x_tim.o(.text)
    TIM_SetClockDivision                     0x080084bf   Thumb Code    18  stm32f10x_tim.o(.text)
    TIM_GetCapture1                          0x080084d1   Thumb Code     6  stm32f10x_tim.o(.text)
    TIM_GetCapture2                          0x080084d7   Thumb Code     6  stm32f10x_tim.o(.text)
    TIM_GetCapture3                          0x080084dd   Thumb Code     6  stm32f10x_tim.o(.text)
    TIM_GetCapture4                          0x080084e3   Thumb Code     8  stm32f10x_tim.o(.text)
    TIM_GetCounter                           0x080084eb   Thumb Code     6  stm32f10x_tim.o(.text)
    TIM_GetPrescaler                         0x080084f1   Thumb Code     6  stm32f10x_tim.o(.text)
    TIM_GetFlagStatus                        0x080084f7   Thumb Code    18  stm32f10x_tim.o(.text)
    TIM_ClearFlag                            0x08008509   Thumb Code     6  stm32f10x_tim.o(.text)
    TIM_GetITStatus                          0x0800850f   Thumb Code    34  stm32f10x_tim.o(.text)
    TIM_ClearITPendingBit                    0x08008531   Thumb Code     6  stm32f10x_tim.o(.text)
    EXTI_DeInit                              0x08008539   Thumb Code    28  stm32f10x_exti.o(.text)
    EXTI_Init                                0x08008555   Thumb Code   142  stm32f10x_exti.o(.text)
    EXTI_StructInit                          0x080085e3   Thumb Code    16  stm32f10x_exti.o(.text)
    EXTI_GenerateSWInterrupt                 0x080085f3   Thumb Code    16  stm32f10x_exti.o(.text)
    EXTI_GetFlagStatus                       0x08008603   Thumb Code    22  stm32f10x_exti.o(.text)
    EXTI_ClearFlag                           0x08008619   Thumb Code     8  stm32f10x_exti.o(.text)
    EXTI_GetITStatus                         0x08008621   Thumb Code    34  stm32f10x_exti.o(.text)
    EXTI_ClearITPendingBit                   0x08008643   Thumb Code     8  stm32f10x_exti.o(.text)
    cr4_fft_1024_stm32                       0x08008655   Thumb Code     0  cr4_fft_1024_stm32.o(.text)
    __use_no_semihosting                     0x08009835   Thumb Code     2  use_no_semi_2.o(.text)
    __2printf                                0x08009839   Thumb Code    20  noretval__2printf.o(.text)
    __2sprintf                               0x08009851   Thumb Code    34  noretval__2sprintf.o(.text)
    _printf_int_hex                          0x08009879   Thumb Code    84  _printf_hex_int.o(.text)
    _printf_longlong_hex                     0x08009879   Thumb Code     0  _printf_hex_int.o(.text)
    __printf                                 0x080098d1   Thumb Code   270  __printf_wp.o(.text)
    __use_two_region_memory                  0x080099df   Thumb Code     2  heapauxi.o(.text)
    __rt_heap_escrow$2region                 0x080099e1   Thumb Code     2  heapauxi.o(.text)
    __rt_heap_expand$2region                 0x080099e3   Thumb Code     2  heapauxi.o(.text)
    __I$use$semihosting                      0x080099e5   Thumb Code     0  use_no_semi.o(.text)
    __use_no_semihosting_swi                 0x080099e5   Thumb Code     2  use_no_semi.o(.text)
    __read_errno                             0x080099e7   Thumb Code    10  _rserrno.o(.text)
    __set_errno                              0x080099f1   Thumb Code    12  _rserrno.o(.text)
    _printf_int_common                       0x080099fd   Thumb Code   178  _printf_intcommon.o(.text)
    __lib_sel_fp_printf                      0x08009aaf   Thumb Code     2  _printf_fp_dec.o(.text)
    _printf_fp_dec_real                      0x08009c5d   Thumb Code   620  _printf_fp_dec.o(.text)
    _printf_char_common                      0x08009ed3   Thumb Code    32  _printf_char_common.o(.text)
    _sputc                                   0x08009ef9   Thumb Code    10  _sputc.o(.text)
    _printf_char_file                        0x08009f05   Thumb Code    32  _printf_char_file.o(.text)
    __rt_locale                              0x08009f29   Thumb Code     8  rt_locale_intlibspace.o(.text)
    __aeabi_errno_addr                       0x08009f31   Thumb Code     8  rt_errno_addr_intlibspace.o(.text)
    __errno$intlibspace                      0x08009f31   Thumb Code     0  rt_errno_addr_intlibspace.o(.text)
    __rt_errno_addr$intlibspace              0x08009f31   Thumb Code     0  rt_errno_addr_intlibspace.o(.text)
    _ll_udiv10                               0x08009f39   Thumb Code   138  lludiv10.o(.text)
    _printf_fp_infnan                        0x08009fc5   Thumb Code   112  _printf_fp_infnan.o(.text)
    _btod_etento                             0x0800a045   Thumb Code   216  bigflt0.o(.text)
    ferror                                   0x0800a121   Thumb Code     8  ferror.o(.text)
    __user_libspace                          0x0800a129   Thumb Code     8  libspace.o(.text)
    __user_perproc_libspace                  0x0800a129   Thumb Code     0  libspace.o(.text)
    __user_perthread_libspace                0x0800a129   Thumb Code     0  libspace.o(.text)
    __user_setup_stackheap                   0x0800a131   Thumb Code    74  sys_stackheap_outer.o(.text)
    exit                                     0x0800a17b   Thumb Code    12  exit.o(.text)
    strcmp                                   0x0800a189   Thumb Code   128  strcmpv7m.o(.text)
    _btod_d2e                                0x0800a209   Thumb Code    62  btod.o(CL$$btod_d2e)
    _d2e_denorm_low                          0x0800a247   Thumb Code    70  btod.o(CL$$btod_d2e_denorm_low)
    _d2e_norm_op1                            0x0800a28d   Thumb Code    96  btod.o(CL$$btod_d2e_norm_op1)
    __btod_div_common                        0x0800a2ed   Thumb Code   696  btod.o(CL$$btod_div_common)
    _e2e                                     0x0800a625   Thumb Code   198  btod.o(CL$$btod_e2e)
    _btod_ediv                               0x0800a6eb   Thumb Code    40  btod.o(CL$$btod_ediv)
    _btod_emul                               0x0800a713   Thumb Code    40  btod.o(CL$$btod_emul)
    __btod_mult_common                       0x0800a73b   Thumb Code   580  btod.o(CL$$btod_mult_common)
    __ARM_fpclassify                         0x0800a97f   Thumb Code    40  fpclassify.o(i.__ARM_fpclassify)
    _is_digit                                0x0800a9a7   Thumb Code    14  __printf_wp.o(i._is_digit)
    sqrt                                     0x0800a9b5   Thumb Code    76  sqrt.o(i.sqrt)
    _get_lc_numeric                          0x0800aa01   Thumb Code    44  lc_numeric_c.o(locale$$code)
    __aeabi_d2f                              0x0800aa2d   Thumb Code     0  d2f.o(x$fpl$d2f)
    _d2f                                     0x0800aa2d   Thumb Code    98  d2f.o(x$fpl$d2f)
    __aeabi_dadd                             0x0800aa91   Thumb Code     0  daddsub_clz.o(x$fpl$dadd)
    _dadd                                    0x0800aa91   Thumb Code   332  daddsub_clz.o(x$fpl$dadd)
    __aeabi_ddiv                             0x0800abe1   Thumb Code     0  ddiv.o(x$fpl$ddiv)
    _ddiv                                    0x0800abe1   Thumb Code   552  ddiv.o(x$fpl$ddiv)
    __aeabi_d2uiz                            0x0800ae91   Thumb Code     0  dfixu.o(x$fpl$dfixu)
    _dfixu                                   0x0800ae91   Thumb Code    90  dfixu.o(x$fpl$dfixu)
    __aeabi_ui2d                             0x0800aeeb   Thumb Code     0  dflt_clz.o(x$fpl$dfltu)
    _dfltu                                   0x0800aeeb   Thumb Code    38  dflt_clz.o(x$fpl$dfltu)
    __aeabi_dmul                             0x0800af11   Thumb Code     0  dmul.o(x$fpl$dmul)
    _dmul                                    0x0800af11   Thumb Code   332  dmul.o(x$fpl$dmul)
    __fpl_dnaninf                            0x0800b065   Thumb Code   156  dnaninf.o(x$fpl$dnaninf)
    __fpl_dretinf                            0x0800b101   Thumb Code    12  dretinf.o(x$fpl$dretinf)
    __aeabi_drsub                            0x0800b10d   Thumb Code     0  daddsub_clz.o(x$fpl$drsb)
    _drsb                                    0x0800b10d   Thumb Code    22  daddsub_clz.o(x$fpl$drsb)
    _dsqrt                                   0x0800b125   Thumb Code   456  dsqrt_noumaal.o(x$fpl$dsqrt)
    __aeabi_dsub                             0x0800b2f1   Thumb Code     0  daddsub_clz.o(x$fpl$dsub)
    _dsub                                    0x0800b2f1   Thumb Code   464  daddsub_clz.o(x$fpl$dsub)
    __aeabi_f2d                              0x0800b4c5   Thumb Code     0  f2d.o(x$fpl$f2d)
    _f2d                                     0x0800b4c5   Thumb Code    86  f2d.o(x$fpl$f2d)
    __aeabi_fadd                             0x0800b51d   Thumb Code     0  faddsub_clz.o(x$fpl$fadd)
    _fadd                                    0x0800b51d   Thumb Code   196  faddsub_clz.o(x$fpl$fadd)
    __fpl_fcmp_Inf                           0x0800b5e1   Thumb Code    24  fcmpi.o(x$fpl$fcmpinf)
    __aeabi_fdiv                             0x0800b5f9   Thumb Code     0  fdiv.o(x$fpl$fdiv)
    _fdiv                                    0x0800b5f9   Thumb Code   384  fdiv.o(x$fpl$fdiv)
    __aeabi_f2uiz                            0x0800b77d   Thumb Code     0  ffixu.o(x$fpl$ffixu)
    _ffixu                                   0x0800b77d   Thumb Code    62  ffixu.o(x$fpl$ffixu)
    __aeabi_i2f                              0x0800b7bd   Thumb Code     0  fflt_clz.o(x$fpl$fflt)
    _fflt                                    0x0800b7bd   Thumb Code    48  fflt_clz.o(x$fpl$fflt)
    __aeabi_ui2f                             0x0800b7ed   Thumb Code     0  fflt_clz.o(x$fpl$ffltu)
    _ffltu                                   0x0800b7ed   Thumb Code    38  fflt_clz.o(x$fpl$ffltu)
    __aeabi_cfcmple                          0x0800b815   Thumb Code     0  fleqf.o(x$fpl$fleqf)
    _fcmple                                  0x0800b815   Thumb Code   104  fleqf.o(x$fpl$fleqf)
    __fpl_fcmple_InfNaN                      0x0800b867   Thumb Code     0  fleqf.o(x$fpl$fleqf)
    __aeabi_fmul                             0x0800b87d   Thumb Code     0  fmul.o(x$fpl$fmul)
    _fmul                                    0x0800b87d   Thumb Code   258  fmul.o(x$fpl$fmul)
    __fpl_fnaninf                            0x0800b97f   Thumb Code   140  fnaninf.o(x$fpl$fnaninf)
    __fpl_fretinf                            0x0800ba0b   Thumb Code    10  fretinf.o(x$fpl$fretinf)
    __aeabi_cfrcmple                         0x0800ba15   Thumb Code     0  frleqf.o(x$fpl$frleqf)
    _frcmple                                 0x0800ba15   Thumb Code    98  frleqf.o(x$fpl$frleqf)
    __aeabi_fsub                             0x0800ba79   Thumb Code     0  faddsub_clz.o(x$fpl$fsub)
    _fsub                                    0x0800ba79   Thumb Code   234  faddsub_clz.o(x$fpl$fsub)
    _printf_fp_dec                           0x0800bb63   Thumb Code     4  printf1.o(x$fpl$printf1)
    __I$use$fp                               0x0800bb66   Number         0  usenofp.o(x$fpl$usenofp)
    asc2_1206                                0x0800bb66   Data        1140  lcd.o(.constdata)
    asc2_1608                                0x0800bfda   Data        1520  lcd.o(.constdata)
    asc2_2412                                0x0800c5ca   Data        3420  lcd.o(.constdata)
    asc2_1616                                0x0800d326   Data         448  lcd.o(.constdata)
    Region$$Table$$Base                      0x0800d5a4   Number         0  anon$$obj.o(Region$$Table)
    Region$$Table$$Limit                     0x0800d5c4   Number         0  anon$$obj.o(Region$$Table)
    TableFFT                                 0x20000000   Data        4080  main.o(.data)
    t                                        0x20000ff0   Data           4  main.o(.data)
    i                                        0x20000ff4   Data           4  main.o(.data)
    adc_flag                                 0x20000ff8   Data           1  main.o(.data)
    key_flag                                 0x20000ff9   Data           1  main.o(.data)
    show_flag                                0x20000ffa   Data           1  main.o(.data)
    adcmax                                   0x20000ffc   Data           4  main.o(.data)
    adcmin                                   0x20001000   Data           4  main.o(.data)
    currentadc                               0x20001004   Data           4  main.o(.data)
    T                                        0x20001008   Data           2  main.o(.data)
    pre                                      0x2000100a   Data           2  main.o(.data)
    fre                                      0x2000100c   Data           4  main.o(.data)
    choice                                   0x20001010   Data           4  main.o(.data)
    mag1                                     0x20001014   Data           4  main.o(.data)
    th                                       0x20001018   Data           4  main.o(.data)
    temp                                     0x2000101c   Data           4  main.o(.data)
    F                                        0x20001020   Data           4  main.o(.data)
    SystemCoreClock                          0x20001024   Data           4  system_stm32f10x.o(.data)
    AHBPrescTable                            0x20001028   Data          16  system_stm32f10x.o(.data)
    POINT_COLOR                              0x2000103a   Data           2  lcd.o(.data)
    BACK_COLOR                               0x2000103c   Data           2  lcd.o(.data)
    __stdout                                 0x20001044   Data           4  usart.o(.data)
    USART_RX_STA                             0x20001048   Data           2  usart.o(.data)
    adcx                                     0x20001060   Data        4096  main.o(.bss)
    fftin                                    0x20002060   Data        4096  main.o(.bss)
    fftout                                   0x20003060   Data        4096  main.o(.bss)
    FFT_Mag                                  0x20004060   Data        2048  main.o(.bss)
    magout                                   0x20004860   Data        2048  main.o(.bss)
    TTT                                      0x20005060   Data          20  main.o(.bss)
    lcddev                                   0x20005074   Data          14  lcd.o(.bss)
    USART_RX_BUF                             0x20005082   Data         200  usart.o(.bss)
    __libspace_start                         0x2000514c   Data          96  libspace.o(.bss)
    __temporary_stack_top$libspace           0x200051ac   Data           0  libspace.o(.bss)



==============================================================================

Memory Map of the image

  Image Entry point : 0x08000131

  Load Region LR_IROM1 (Base: 0x08000000, Size: 0x0000e640, Max: 0x00080000, ABSOLUTE, COMPRESSED[0x0000e20c])

    Execution Region ER_IROM1 (Exec base: 0x08000000, Load base: 0x08000000, Size: 0x0000d5e0, Max: 0x00080000, ABSOLUTE)

    Exec Addr    Load Addr    Size         Type   Attr      Idx    E Section Name        Object

    0x08000000   0x08000000   0x00000130   Data   RO          394    RESET               startup_stm32f10x_hd.o
    0x08000130   0x08000130   0x00000008   Code   RO          596  * !!!main             c_w.l(__main.o)
    0x08000138   0x08000138   0x00000034   Code   RO          898    !!!scatter          c_w.l(__scatter.o)
    0x0800016c   0x0800016c   0x00000064   Code   RO          896    !!dclz77c           c_w.l(__dclz77c.o)
    0x080001d0   0x080001d0   0x0000001c   Code   RO          900    !!handler_zi        c_w.l(__scatter_zi.o)
    0x080001ec   0x080001ec   0x00000000   Code   RO          593    .ARM.Collect$$_printf_percent$$00000000  c_w.l(_printf_percent.o)
    0x080001ec   0x080001ec   0x00000006   Code   RO          592    .ARM.Collect$$_printf_percent$$00000003  c_w.l(_printf_f.o)
    0x080001f2   0x080001f2   0x00000006   Code   RO          591    .ARM.Collect$$_printf_percent$$0000000C  c_w.l(_printf_x.o)
    0x080001f8   0x080001f8   0x00000004   Code   RO          673    .ARM.Collect$$_printf_percent$$00000017  c_w.l(_printf_percent_end.o)
    0x080001fc   0x080001fc   0x00000002   Code   RO          774    .ARM.Collect$$libinit$$00000000  c_w.l(libinit.o)
    0x080001fe   0x080001fe   0x00000000   Code   RO          776    .ARM.Collect$$libinit$$00000002  c_w.l(libinit2.o)
    0x080001fe   0x080001fe   0x00000000   Code   RO          778    .ARM.Collect$$libinit$$00000004  c_w.l(libinit2.o)
    0x080001fe   0x080001fe   0x00000000   Code   RO          781    .ARM.Collect$$libinit$$0000000A  c_w.l(libinit2.o)
    0x080001fe   0x080001fe   0x00000000   Code   RO          783    .ARM.Collect$$libinit$$0000000C  c_w.l(libinit2.o)
    0x080001fe   0x080001fe   0x00000000   Code   RO          785    .ARM.Collect$$libinit$$0000000E  c_w.l(libinit2.o)
    0x080001fe   0x080001fe   0x00000006   Code   RO          786    .ARM.Collect$$libinit$$0000000F  c_w.l(libinit2.o)
    0x08000204   0x08000204   0x00000000   Code   RO          788    .ARM.Collect$$libinit$$00000011  c_w.l(libinit2.o)
    0x08000204   0x08000204   0x00000000   Code   RO          790    .ARM.Collect$$libinit$$00000013  c_w.l(libinit2.o)
    0x08000204   0x08000204   0x00000000   Code   RO          792    .ARM.Collect$$libinit$$00000015  c_w.l(libinit2.o)
    0x08000204   0x08000204   0x0000000a   Code   RO          793    .ARM.Collect$$libinit$$00000016  c_w.l(libinit2.o)
    0x0800020e   0x0800020e   0x00000000   Code   RO          794    .ARM.Collect$$libinit$$00000017  c_w.l(libinit2.o)
    0x0800020e   0x0800020e   0x00000000   Code   RO          796    .ARM.Collect$$libinit$$00000019  c_w.l(libinit2.o)
    0x0800020e   0x0800020e   0x00000000   Code   RO          798    .ARM.Collect$$libinit$$0000001B  c_w.l(libinit2.o)
    0x0800020e   0x0800020e   0x00000000   Code   RO          800    .ARM.Collect$$libinit$$0000001D  c_w.l(libinit2.o)
    0x0800020e   0x0800020e   0x00000000   Code   RO          802    .ARM.Collect$$libinit$$0000001F  c_w.l(libinit2.o)
    0x0800020e   0x0800020e   0x00000000   Code   RO          804    .ARM.Collect$$libinit$$00000021  c_w.l(libinit2.o)
    0x0800020e   0x0800020e   0x00000000   Code   RO          806    .ARM.Collect$$libinit$$00000023  c_w.l(libinit2.o)
    0x0800020e   0x0800020e   0x00000000   Code   RO          808    .ARM.Collect$$libinit$$00000025  c_w.l(libinit2.o)
    0x0800020e   0x0800020e   0x00000000   Code   RO          812    .ARM.Collect$$libinit$$0000002C  c_w.l(libinit2.o)
    0x0800020e   0x0800020e   0x00000000   Code   RO          814    .ARM.Collect$$libinit$$0000002E  c_w.l(libinit2.o)
    0x0800020e   0x0800020e   0x00000000   Code   RO          816    .ARM.Collect$$libinit$$00000030  c_w.l(libinit2.o)
    0x0800020e   0x0800020e   0x00000000   Code   RO          818    .ARM.Collect$$libinit$$00000032  c_w.l(libinit2.o)
    0x0800020e   0x0800020e   0x00000002   Code   RO          819    .ARM.Collect$$libinit$$00000033  c_w.l(libinit2.o)
    0x08000210   0x08000210   0x00000002   Code   RO          847    .ARM.Collect$$libshutdown$$00000000  c_w.l(libshutdown.o)
    0x08000212   0x08000212   0x00000000   Code   RO          857    .ARM.Collect$$libshutdown$$00000003  c_w.l(libshutdown2.o)
    0x08000212   0x08000212   0x00000000   Code   RO          860    .ARM.Collect$$libshutdown$$00000006  c_w.l(libshutdown2.o)
    0x08000212   0x08000212   0x00000000   Code   RO          863    .ARM.Collect$$libshutdown$$00000009  c_w.l(libshutdown2.o)
    0x08000212   0x08000212   0x00000000   Code   RO          865    .ARM.Collect$$libshutdown$$0000000B  c_w.l(libshutdown2.o)
    0x08000212   0x08000212   0x00000000   Code   RO          868    .ARM.Collect$$libshutdown$$0000000E  c_w.l(libshutdown2.o)
    0x08000212   0x08000212   0x00000002   Code   RO          869    .ARM.Collect$$libshutdown$$0000000F  c_w.l(libshutdown2.o)
    0x08000214   0x08000214   0x00000000   Code   RO          660    .ARM.Collect$$rtentry$$00000000  c_w.l(__rtentry.o)
    0x08000214   0x08000214   0x00000000   Code   RO          690    .ARM.Collect$$rtentry$$00000002  c_w.l(__rtentry2.o)
    0x08000214   0x08000214   0x00000006   Code   RO          702    .ARM.Collect$$rtentry$$00000004  c_w.l(__rtentry4.o)
    0x0800021a   0x0800021a   0x00000000   Code   RO          692    .ARM.Collect$$rtentry$$00000009  c_w.l(__rtentry2.o)
    0x0800021a   0x0800021a   0x00000004   Code   RO          693    .ARM.Collect$$rtentry$$0000000A  c_w.l(__rtentry2.o)
    0x0800021e   0x0800021e   0x00000000   Code   RO          695    .ARM.Collect$$rtentry$$0000000C  c_w.l(__rtentry2.o)
    0x0800021e   0x0800021e   0x00000008   Code   RO          696    .ARM.Collect$$rtentry$$0000000D  c_w.l(__rtentry2.o)
    0x08000226   0x08000226   0x00000002   Code   RO          820    .ARM.Collect$$rtexit$$00000000  c_w.l(rtexit.o)
    0x08000228   0x08000228   0x00000000   Code   RO          827    .ARM.Collect$$rtexit$$00000002  c_w.l(rtexit2.o)
    0x08000228   0x08000228   0x00000004   Code   RO          828    .ARM.Collect$$rtexit$$00000003  c_w.l(rtexit2.o)
    0x0800022c   0x0800022c   0x00000006   Code   RO          829    .ARM.Collect$$rtexit$$00000004  c_w.l(rtexit2.o)
    0x08000232   0x08000232   0x00000002   PAD
    0x08000234   0x08000234   0x00000760   Code   RO            1    .text               main.o
    0x08000994   0x08000994   0x0000001a   Code   RO          157    .text               stm32f10x_it.o
    0x080009ae   0x080009ae   0x00000002   PAD
    0x080009b0   0x080009b0   0x000001e0   Code   RO          198    .text               system_stm32f10x.o
    0x08000b90   0x08000b90   0x00000098   Code   RO          216    .text               led.o
    0x08000c28   0x08000c28   0x000000d8   Code   RO          228    .text               key.o
    0x08000d00   0x08000d00   0x00004c94   Code   RO          241    .text               lcd.o
    0x08005994   0x08005994   0x000000b4   Code   RO          264    .text               adc.o
    0x08005a48   0x08005a48   0x0000007c   Code   RO          276    .text               dma.o
    0x08005ac4   0x08005ac4   0x00000088   Code   RO          292    .text               timer.o
    0x08005b4c   0x08005b4c   0x000000b0   Code   RO          304    .text               exti.o
    0x08005bfc   0x08005bfc   0x00000038   Code   RO          316    .text               beep.o
    0x08005c34   0x08005c34   0x000000d4   Code   RO          328    .text               delay.o
    0x08005d08   0x08005d08   0x00000140   Code   RO          359    .text               usart.o
    0x08005e48   0x08005e48   0x00000040   Code   RO          395    .text               startup_stm32f10x_hd.o
    0x08005e88   0x08005e88   0x000000dc   Code   RO          399    .text               misc.o
    0x08005f64   0x08005f64   0x0000044e   Code   RO          411    .text               stm32f10x_adc.o
    0x080063b2   0x080063b2   0x00000002   PAD
    0x080063b4   0x080063b4   0x0000060c   Code   RO          423    .text               stm32f10x_fsmc.o
    0x080069c0   0x080069c0   0x0000035c   Code   RO          435    .text               stm32f10x_gpio.o
    0x08006d1c   0x08006d1c   0x000003a4   Code   RO          447    .text               stm32f10x_rcc.o
    0x080070c0   0x080070c0   0x00000408   Code   RO          461    .text               stm32f10x_usart.o
    0x080074c8   0x080074c8   0x00000254   Code   RO          497    .text               stm32f10x_dma.o
    0x0800771c   0x0800771c   0x00000e1a   Code   RO          509    .text               stm32f10x_tim.o
    0x08008536   0x08008536   0x00000002   PAD
    0x08008538   0x08008538   0x0000011c   Code   RO          521    .text               stm32f10x_exti.o
    0x08008654   0x08008654   0x000011e0   Code   RO          533    .text               cr4_fft_1024_stm32.o
    0x08009834   0x08009834   0x00000002   Code   RO          538    .text               c_w.l(use_no_semi_2.o)
    0x08009836   0x08009836   0x00000002   PAD
    0x08009838   0x08009838   0x00000018   Code   RO          544    .text               c_w.l(noretval__2printf.o)
    0x08009850   0x08009850   0x00000028   Code   RO          546    .text               c_w.l(noretval__2sprintf.o)
    0x08009878   0x08009878   0x00000058   Code   RO          553    .text               c_w.l(_printf_hex_int.o)
    0x080098d0   0x080098d0   0x0000010e   Code   RO          579    .text               c_w.l(__printf_wp.o)
    0x080099de   0x080099de   0x00000006   Code   RO          594    .text               c_w.l(heapauxi.o)
    0x080099e4   0x080099e4   0x00000002   Code   RO          658    .text               c_w.l(use_no_semi.o)
    0x080099e6   0x080099e6   0x00000016   Code   RO          661    .text               c_w.l(_rserrno.o)
    0x080099fc   0x080099fc   0x000000b2   Code   RO          663    .text               c_w.l(_printf_intcommon.o)
    0x08009aae   0x08009aae   0x0000041a   Code   RO          665    .text               c_w.l(_printf_fp_dec.o)
    0x08009ec8   0x08009ec8   0x00000030   Code   RO          667    .text               c_w.l(_printf_char_common.o)
    0x08009ef8   0x08009ef8   0x0000000a   Code   RO          669    .text               c_w.l(_sputc.o)
    0x08009f02   0x08009f02   0x00000002   PAD
    0x08009f04   0x08009f04   0x00000024   Code   RO          671    .text               c_w.l(_printf_char_file.o)
    0x08009f28   0x08009f28   0x00000008   Code   RO          707    .text               c_w.l(rt_locale_intlibspace.o)
    0x08009f30   0x08009f30   0x00000008   Code   RO          712    .text               c_w.l(rt_errno_addr_intlibspace.o)
    0x08009f38   0x08009f38   0x0000008a   Code   RO          714    .text               c_w.l(lludiv10.o)
    0x08009fc2   0x08009fc2   0x00000002   PAD
    0x08009fc4   0x08009fc4   0x00000080   Code   RO          716    .text               c_w.l(_printf_fp_infnan.o)
    0x0800a044   0x0800a044   0x000000dc   Code   RO          720    .text               c_w.l(bigflt0.o)
    0x0800a120   0x0800a120   0x00000008   Code   RO          745    .text               c_w.l(ferror.o)
    0x0800a128   0x0800a128   0x00000008   Code   RO          760    .text               c_w.l(libspace.o)
    0x0800a130   0x0800a130   0x0000004a   Code   RO          763    .text               c_w.l(sys_stackheap_outer.o)
    0x0800a17a   0x0800a17a   0x0000000c   Code   RO          765    .text               c_w.l(exit.o)
    0x0800a186   0x0800a186   0x00000002   PAD
    0x0800a188   0x0800a188   0x00000080   Code   RO          767    .text               c_w.l(strcmpv7m.o)
    0x0800a208   0x0800a208   0x0000003e   Code   RO          723    CL$$btod_d2e        c_w.l(btod.o)
    0x0800a246   0x0800a246   0x00000046   Code   RO          725    CL$$btod_d2e_denorm_low  c_w.l(btod.o)
    0x0800a28c   0x0800a28c   0x00000060   Code   RO          724    CL$$btod_d2e_norm_op1  c_w.l(btod.o)
    0x0800a2ec   0x0800a2ec   0x00000338   Code   RO          733    CL$$btod_div_common  c_w.l(btod.o)
    0x0800a624   0x0800a624   0x000000c6   Code   RO          730    CL$$btod_e2e        c_w.l(btod.o)
    0x0800a6ea   0x0800a6ea   0x00000028   Code   RO          727    CL$$btod_ediv       c_w.l(btod.o)
    0x0800a712   0x0800a712   0x00000028   Code   RO          726    CL$$btod_emul       c_w.l(btod.o)
    0x0800a73a   0x0800a73a   0x00000244   Code   RO          732    CL$$btod_mult_common  c_w.l(btod.o)
    0x0800a97e   0x0800a97e   0x00000028   Code   RO          758    i.__ARM_fpclassify  m_ws.l(fpclassify.o)
    0x0800a9a6   0x0800a9a6   0x0000000e   Code   RO          581    i._is_digit         c_w.l(__printf_wp.o)
    0x0800a9b4   0x0800a9b4   0x0000004c   Code   RO          651    i.sqrt              m_ws.l(sqrt.o)
    0x0800aa00   0x0800aa00   0x0000002c   Code   RO          750    locale$$code        c_w.l(lc_numeric_c.o)
    0x0800aa2c   0x0800aa2c   0x00000062   Code   RO          598    x$fpl$d2f           fz_ws.l(d2f.o)
    0x0800aa8e   0x0800aa8e   0x00000002   PAD
    0x0800aa90   0x0800aa90   0x00000150   Code   RO          600    x$fpl$dadd          fz_ws.l(daddsub_clz.o)
    0x0800abe0   0x0800abe0   0x000002b0   Code   RO          607    x$fpl$ddiv          fz_ws.l(ddiv.o)
    0x0800ae90   0x0800ae90   0x0000005a   Code   RO          610    x$fpl$dfixu         fz_ws.l(dfixu.o)
    0x0800aeea   0x0800aeea   0x00000026   Code   RO          614    x$fpl$dfltu         fz_ws.l(dflt_clz.o)
    0x0800af10   0x0800af10   0x00000154   Code   RO          620    x$fpl$dmul          fz_ws.l(dmul.o)
    0x0800b064   0x0800b064   0x0000009c   Code   RO          676    x$fpl$dnaninf       fz_ws.l(dnaninf.o)
    0x0800b100   0x0800b100   0x0000000c   Code   RO          678    x$fpl$dretinf       fz_ws.l(dretinf.o)
    0x0800b10c   0x0800b10c   0x00000016   Code   RO          601    x$fpl$drsb          fz_ws.l(daddsub_clz.o)
    0x0800b122   0x0800b122   0x00000002   PAD
    0x0800b124   0x0800b124   0x000001cc   Code   RO          680    x$fpl$dsqrt         fz_ws.l(dsqrt_noumaal.o)
    0x0800b2f0   0x0800b2f0   0x000001d4   Code   RO          602    x$fpl$dsub          fz_ws.l(daddsub_clz.o)
    0x0800b4c4   0x0800b4c4   0x00000056   Code   RO          622    x$fpl$f2d           fz_ws.l(f2d.o)
    0x0800b51a   0x0800b51a   0x00000002   PAD
    0x0800b51c   0x0800b51c   0x000000c4   Code   RO          624    x$fpl$fadd          fz_ws.l(faddsub_clz.o)
    0x0800b5e0   0x0800b5e0   0x00000018   Code   RO          754    x$fpl$fcmpinf       fz_ws.l(fcmpi.o)
    0x0800b5f8   0x0800b5f8   0x00000184   Code   RO          631    x$fpl$fdiv          fz_ws.l(fdiv.o)
    0x0800b77c   0x0800b77c   0x0000003e   Code   RO          634    x$fpl$ffixu         fz_ws.l(ffixu.o)
    0x0800b7ba   0x0800b7ba   0x00000002   PAD
    0x0800b7bc   0x0800b7bc   0x00000030   Code   RO          639    x$fpl$fflt          fz_ws.l(fflt_clz.o)
    0x0800b7ec   0x0800b7ec   0x00000026   Code   RO          638    x$fpl$ffltu         fz_ws.l(fflt_clz.o)
    0x0800b812   0x0800b812   0x00000002   PAD
    0x0800b814   0x0800b814   0x00000068   Code   RO          682    x$fpl$fleqf         fz_ws.l(fleqf.o)
    0x0800b87c   0x0800b87c   0x00000102   Code   RO          644    x$fpl$fmul          fz_ws.l(fmul.o)
    0x0800b97e   0x0800b97e   0x0000008c   Code   RO          684    x$fpl$fnaninf       fz_ws.l(fnaninf.o)
    0x0800ba0a   0x0800ba0a   0x0000000a   Code   RO          686    x$fpl$fretinf       fz_ws.l(fretinf.o)
    0x0800ba14   0x0800ba14   0x00000062   Code   RO          646    x$fpl$frleqf        fz_ws.l(frleqf.o)
    0x0800ba76   0x0800ba76   0x00000002   PAD
    0x0800ba78   0x0800ba78   0x000000ea   Code   RO          626    x$fpl$fsub          fz_ws.l(faddsub_clz.o)
    0x0800bb62   0x0800bb62   0x00000004   Code   RO          648    x$fpl$printf1       fz_ws.l(printf1.o)
    0x0800bb66   0x0800bb66   0x00000000   Code   RO          688    x$fpl$usenofp       fz_ws.l(usenofp.o)
    0x0800bb66   0x0800bb66   0x00001980   Data   RO          243    .constdata          lcd.o
    0x0800d4e6   0x0800d4e6   0x00000028   Data   RO          554    .constdata          c_w.l(_printf_hex_int.o)
    0x0800d50e   0x0800d50e   0x00000002   PAD
    0x0800d510   0x0800d510   0x00000094   Data   RO          721    .constdata          c_w.l(bigflt0.o)
    0x0800d5a4   0x0800d5a4   0x00000020   Data   RO          894    Region$$Table       anon$$obj.o
    0x0800d5c4   0x0800d5c4   0x0000001c   Data   RO          749    locale$$data        c_w.l(lc_numeric_c.o)


    Execution Region RW_IRAM1 (Exec base: 0x20000000, Load base: 0x0800d5e0, Size: 0x000057b0, Max: 0x00010000, ABSOLUTE, COMPRESSED[0x00000c2c])

    Exec Addr    Load Addr    Size         Type   Attr      Idx    E Section Name        Object

    0x20000000   COMPRESSED   0x00001024   Data   RW            3    .data               main.o
    0x20001024   COMPRESSED   0x00000014   Data   RW          199    .data               system_stm32f10x.o
    0x20001038   COMPRESSED   0x00000001   Data   RW          229    .data               key.o
    0x20001039   COMPRESSED   0x00000001   PAD
    0x2000103a   COMPRESSED   0x00000004   Data   RW          244    .data               lcd.o
    0x2000103e   COMPRESSED   0x00000004   Data   RW          329    .data               delay.o
    0x20001042   COMPRESSED   0x00000002   PAD
    0x20001044   COMPRESSED   0x00000006   Data   RW          361    .data               usart.o
    0x2000104a   COMPRESSED   0x00000014   Data   RW          448    .data               stm32f10x_rcc.o
    0x2000105e   COMPRESSED   0x00000002   PAD
    0x20001060        -       0x00004014   Zero   RW            2    .bss                main.o
    0x20005074        -       0x0000000e   Zero   RW          242    .bss                lcd.o
    0x20005082        -       0x000000c8   Zero   RW          360    .bss                usart.o
    0x2000514a   COMPRESSED   0x00000002   PAD
    0x2000514c        -       0x00000060   Zero   RW          761    .bss                c_w.l(libspace.o)
    0x200051ac   COMPRESSED   0x00000004   PAD
    0x200051b0        -       0x00000200   Zero   RW          393    HEAP                startup_stm32f10x_hd.o
    0x200053b0        -       0x00000400   Zero   RW          392    STACK               startup_stm32f10x_hd.o


==============================================================================

Image component sizes


      Code (inc. data)   RO Data    RW Data    ZI Data      Debug   Object Name

       180          8          0          0          0        615   adc.o
        56          6          0          0          0        484   beep.o
      4576       4080          0          0          0        348   cr4_fft_1024_stm32.o
       212         18          0          4          0       1015   delay.o
       124          4          0          0          0       1068   dma.o
       176          0          0          0          0        613   exti.o
       216         14          0          1          0        800   key.o
     19604        190       6528          4         14      23695   lcd.o
       152         14          0          0          0        531   led.o
      1888        202          0       4132      16404     286160   main.o
       220         22          0          0          0       1793   misc.o
        64         26        304          0       1536        788   startup_stm32f10x_hd.o
      1102         26          0          0          0      10825   stm32f10x_adc.o
       596          8          0          0          0       4318   stm32f10x_dma.o
       284         10          0          0          0       2223   stm32f10x_exti.o
      1548         18          0          0          0       5335   stm32f10x_fsmc.o
       860         38          0          0          0       5637   stm32f10x_gpio.o
        26          0          0          0          0       1174   stm32f10x_it.o
       932         36          0         20          0       8800   stm32f10x_rcc.o
      3610         88          0          0          0      22120   stm32f10x_tim.o
      1032         22          0          0          0       8360   stm32f10x_usart.o
         0          0          0          0          0         32   sys.o
       480         38          0         20          0       1727   system_stm32f10x.o
       136          4          0          0          0        720   timer.o
       320         18          0          6        200       3114   usart.o

    ----------------------------------------------------------------------
     38400       4890       6864       4192      18156     392295   Object Totals
         0          0         32          0          0          0   (incl. Generated)
         6          0          0          5          2          0   (incl. Padding)

    ----------------------------------------------------------------------

      Code (inc. data)   RO Data    RW Data    ZI Data      Debug   Library Member Name

       100          0          0          0          0          0   __dclz77c.o
         8          0          0          0          0         68   __main.o
       284          0          0          0          0        156   __printf_wp.o
         0          0          0          0          0          0   __rtentry.o
        12          0          0          0          0          0   __rtentry2.o
         6          0          0          0          0          0   __rtentry4.o
        52          8          0          0          0          0   __scatter.o
        28          0          0          0          0          0   __scatter_zi.o
        48          6          0          0          0         96   _printf_char_common.o
        36          4          0          0          0         80   _printf_char_file.o
         6          0          0          0          0          0   _printf_f.o
      1050          0          0          0          0        216   _printf_fp_dec.o
       128         16          0          0          0         84   _printf_fp_infnan.o
        88          4         40          0          0         88   _printf_hex_int.o
       178          0          0          0          0         88   _printf_intcommon.o
         0          0          0          0          0          0   _printf_percent.o
         4          0          0          0          0          0   _printf_percent_end.o
         6          0          0          0          0          0   _printf_x.o
        22          0          0          0          0        100   _rserrno.o
        10          0          0          0          0         68   _sputc.o
       220          4        148          0          0         96   bigflt0.o
      1910        128          0          0          0        672   btod.o
        12          0          0          0          0         72   exit.o
         8          0          0          0          0         68   ferror.o
         6          0          0          0          0        152   heapauxi.o
        44         10         28          0          0         76   lc_numeric_c.o
         2          0          0          0          0          0   libinit.o
        18          0          0          0          0          0   libinit2.o
         2          0          0          0          0          0   libshutdown.o
         2          0          0          0          0          0   libshutdown2.o
         8          4          0          0         96         68   libspace.o
       138          0          0          0          0         80   lludiv10.o
        24          4          0          0          0         84   noretval__2printf.o
        40          6          0          0          0         84   noretval__2sprintf.o
         8          4          0          0          0         68   rt_errno_addr_intlibspace.o
         8          4          0          0          0         68   rt_locale_intlibspace.o
         2          0          0          0          0          0   rtexit.o
        10          0          0          0          0          0   rtexit2.o
       128          0          0          0          0         68   strcmpv7m.o
        74          0          0          0          0         80   sys_stackheap_outer.o
         2          0          0          0          0         68   use_no_semi.o
         2          0          0          0          0         68   use_no_semi_2.o
        98          4          0          0          0         92   d2f.o
       826         16          0          0          0        348   daddsub_clz.o
       688        140          0          0          0        208   ddiv.o
        90          4          0          0          0         92   dfixu.o
        38          0          0          0          0         68   dflt_clz.o
       340         12          0          0          0        104   dmul.o
       156          4          0          0          0         92   dnaninf.o
        12          0          0          0          0         68   dretinf.o
       460         56          0          0          0        120   dsqrt_noumaal.o
        86          4          0          0          0         84   f2d.o
       430          8          0          0          0        168   faddsub_clz.o
        24          0          0          0          0         68   fcmpi.o
       388         76          0          0          0         96   fdiv.o
        62          4          0          0          0         84   ffixu.o
        86          0          0          0          0        136   fflt_clz.o
       104          4          0          0          0         84   fleqf.o
       258          4          0          0          0         84   fmul.o
       140          4          0          0          0         84   fnaninf.o
        10          0          0          0          0         68   fretinf.o
        98          0          0          0          0         68   frleqf.o
         4          0          0          0          0         68   printf1.o
         0          0          0          0          0          0   usenofp.o
        40          0          0          0          0         68   fpclassify.o
        76          0          0          0          0         84   sqrt.o

    ----------------------------------------------------------------------
      9270        542        218          0        100       5352   Library Totals
        22          0          2          0          4          0   (incl. Padding)

    ----------------------------------------------------------------------

      Code (inc. data)   RO Data    RW Data    ZI Data      Debug   Library Name

      4734        202        216          0         96       2916   c_w.l
      4398        340          0          0          0       2284   fz_ws.l
       116          0          0          0          0        152   m_ws.l

    ----------------------------------------------------------------------
      9270        542        218          0        100       5352   Library Totals

    ----------------------------------------------------------------------

==============================================================================


      Code (inc. data)   RO Data    RW Data    ZI Data      Debug   

     47670       5432       7082       4192      18256     392599   Grand Totals
     47670       5432       7082       3116      18256     392599   ELF Image Totals (compressed)
     47670       5432       7082       3116          0          0   ROM Totals

==============================================================================

    Total RO  Size (Code + RO Data)                54752 (  53.47kB)
    Total RW  Size (RW Data + ZI Data)             22448 (  21.92kB)
    Total ROM Size (Code + RO Data + RW Data)      57868 (  56.51kB)

==============================================================================

