<html>
<body>
<pre>
<h1>礦ision Build Log</h1>
<h2>Tool Versions:</h2>
IDE-Version: μVision V5.14.0.0
Copyright (C) 2015 ARM Ltd and ARM Germany GmbH. All rights reserved.
License Information: hiki hiki, hikicompanly, LIC=RC93N-YAB10-HLMCL-0FFVX-M43UU-5YS4J
 
Tool Versions:
Toolchain:       MDK-ARM Standard  Version: 5.14.0.0
Toolchain Path:  D:\code IDE\keil\ARM\ARMCC\Bin
C Compiler:      Armcc.exe V5.05 update 1 (build 106)
Assembler:       Armasm.exe V5.05 update 1 (build 106)
Linker/Locator:  ArmLink.exe V5.05 update 1 (build 106)
Library Manager: ArmAr.exe V5.05 update 1 (build 106)
Hex Converter:   FromElf.exe V5.05 update 1 (build 106)
CPU DLL:         SARMCM3.DLL V5.14.0.0
Dialog DLL:      DARMSTM.DLL V1.65.0.0
Target DLL:      STLink\ST-LINKIII-KEIL_SWO.dll V2.0.14.0_KEIL
Dialog DLL:      TARMSTM.DLL V1.64.0.0
 
<h2>Project:</h2>
C:\Users\Hiki\Desktop\11 电赛2020的讲课\软件参考部分\10.7号最终版\USER\ADC.uvprojx
Project File Date:  08/19/2021

<h2>Output:</h2>
Build target 'ADC'
compiling main.c...
main.c(340): warning:  #167-D: argument of type "unsigned char *" is incompatible with parameter of type "char *restrict"
                  sprintf(buffer,"%2.2f",THDEND);//浮点型数据转为指定格式的字符串
main.c: 1 warning, 0 errors
compiling stm32f10x_it.c...
compiling system_stm32f10x.c...
compiling led.c...
compiling key.c...
compiling lcd.c...
compiling adc.c...
compiling dma.c...
compiling timer.c...
compiling exti.c...
compiling beep.c...
compiling delay.c...
compiling sys.c...
compiling usart.c...
compiling core_cm3.c...
assembling startup_stm32f10x_hd.s...
compiling misc.c...
compiling stm32f10x_adc.c...
compiling stm32f10x_fsmc.c...
compiling stm32f10x_gpio.c...
compiling stm32f10x_rcc.c...
compiling stm32f10x_usart.c...
compiling stm32f10x_dac.c...
compiling stm32f10x_dbgmcu.c...
compiling stm32f10x_dma.c...
compiling stm32f10x_tim.c...
compiling stm32f10x_exti.c...
assembling cr4_fft_1024_stm32.s...
linking...
Program Size: Code=47814 RO-data=7082 RW-data=4192 ZI-data=18256  
FromELF: creating hex file...
"..\OBJ\ADC.axf" - 0 Error(s), 1 Warning(s).

<h2>Collection of Component include folders:</h2>
  C:\Users\Hiki\Desktop\11 电赛2020的讲课\软件参考部分\10.7号最终版\USER\RTE
  D:\code IDE\keil\ARM\PACK\Keil\STM32F1xx_DFP\2.2.0

<h2>Collection of Component Files used:</h2>
</pre>
</body>
</html>
